Microchip MPLAB XC8 Compiler V1.42 ()

Linker command line:

-W-3 --edf=/opt/microchip/xc8/v1.42/dat/en_msgs.txt -cs \
  -h+dist/default/production/Moteur_P4.production.sym \
  --cmf=dist/default/production/Moteur_P4.production.cmf -z -Q18F4431 \
  -o/tmp/xcXINw4H2 -Mdist/default/production/Moteur_P4.production.map -E1 \
  -ver=XC8 -ASTACK=028Bh-02ffh -pstack=STACK -ACODE=00h-03FFFh \
  -ACONST=00h-03FFFh -ASMALLCONST=0300h-03FFhx61 -AMEDIUMCONST=0300h-03FFFh \
  -ACOMRAM=01h-05Fh -AABS1=00h-02FFh -ABIGRAM=01h-02FFh \
  -ARAM=060h-0FFh,0100h-01FFhx2 -ABANK0=060h-0FFh -ABANK1=0100h-01FFh \
  -ABANK2=0200h-02FFh -ASFR=0F60h-0FFFh \
  -preset_vec=00h,intcode=08h,intcodelo=018h,powerup,init -pramtop=0300h \
  -psmallconst=SMALLCONST -pmediumconst=MEDIUMCONST -pconst=CONST \
  -AFARRAM=00h-00h -ACONFIG=0300000h-030000Dh -pconfig=CONFIG \
  -AIDLOC=0200000h-0200007h -pidloc=IDLOC -AEEDATA=0F00000h-0F000FFh \
  -peeprom_data=EEDATA \
  -prdata=COMRAM,nvrram=COMRAM,nvbit=COMRAM,rbss=COMRAM,rbit=COMRAM \
  -pfarbss=FARRAM,fardata=FARRAM,nvFARRAM=FARRAM \
  -pintsave_regs=BIGRAM,bigbss=BIGRAM,bigdata=BIGRAM -pbss=RAM \
  -pidata=CODE,irdata=CODE,ibigdata=CODE,ifardata=CODE -prparam=COMRAM \
  /tmp/xcXvkqhf8.obj dist/default/production/Moteur_P4.production.obj 

Object code version is 3.11

Machine type is 18F4431

Call graph: (short form)




                Name                               Link     Load   Length Selector   Space Scale
/tmp/xcXvkqhf8.obj
                init                                 CE       CE        4        C       0
                reset_vec                             0        0        4        0       0
                idloc                            200000   200000        8   200000       0
                config                           300000   300000        E   300000       0
dist/default/production/Moteur_P4.production.obj
                intcodelo                            18       18       B6        C       0
                intcode                               8        8        6        4       0
                temp                                 51       51        1        1       1
                mediumconst                        3EA4     3EA4      15C     1F52       0
                text106                            276C     276C        6        C       0
                text105                            2600     2600       14        C       0
                text104                            24B8     24B8       1E        C       0
                text103                            26BC     26BC       10        C       0
                text102                            2746     2746        8        C       0
                text101                            259A     259A       16        C       0
                text100                            2584     2584       16        C       0
                text99                             2766     2766        6        C       0
                intcode_body                       20B8     20B8       42        C       0
                text97                             273E     273E        8        C       0
                text96                             147E     147E       D2        C       0
                text95                             231A     231A       28        C       0
                text94                             26E8     26E8        E        C       0
                text93                             2724     2724        A        C       0
                text92                             2786     2786        4        C       0
                text91                             1F8E     1F8E       50        C       0
                text90                             129A     129A      10E        C       0
                text89                              FBA      FBA      1A6        C       0
                text88                             2782     2782        4        C       0
                text87                             264A     264A       12        C       0
                text86                             2638     2638       12        C       0
                text85                             1E92     1E92       58        C       0
                text84                             2760     2760        6        C       0
                text83                             25EC     25EC       14        C       0
                text82                             249A     249A       1E        C       0
                text81                             26AC     26AC       10        C       0
                text80                             1BDA     1BDA       70        C       0
                text78                             1782     1782       BA        C       0
                text77                             1C4A     1C4A       68        C       0
                text76                             2240     2240       32        C       0
                text75                             220C     220C       34        C       0
                text74                              E14      E14      1A6        C       0
                text73                             275A     275A        6        C       0
                text72                             25D8     25D8       14        C       0
                text71                             247C     247C       1E        C       0
                text70                             269C     269C       10        C       0
                text69                             2736     2736        8        C       0
                text68                             256E     256E       16        C       0
                text67                             2558     2558       16        C       0
                text66                             26DA     26DA        E        C       0
                text65                             277E     277E        4        C       0
                text64                             245E     245E       1E        C       0
                text63                             271A     271A        A        C       0
                text62                             2528     2528       1A        C       0
                text61                             277A     277A        4        C       0
                text60                             2754     2754        6        C       0
                text59                             2626     2626       12        C       0
                text58                             2614     2614       12        C       0
                text57                             1E3A     1E3A       58        C       0
                text56                             1B6A     1B6A       70        C       0
                text55                             1EEA     1EEA       54        C       0
                text54                             183C     183C       B6        C       0
                text53                             22F2     22F2       28        C       0
                text52                             2028     2028       4A        C       0
                text51                             20FA     20FA       3E        C       0
                text50                             238E     238E       26        C       0
                text49                             24F2     24F2       1C        C       0
                text48                              8D8      8D8      2E6        C       0
                text47                               D2       D2      806        C       0
                text46                             229E     229E       2C        C       0
                text45                             2272     2272       2C        C       0
                text44                             21D8     21D8       34        C       0
                text43                             2072     2072       46        C       0
                text42                             272E     272E        8        C       0
                text41                             1D18     1D18       66        C       0
                text40                             2542     2542       16        C       0
                text39                             268C     268C       10        C       0
                text38                             26CC     26CC        E        C       0
                text37                             274E     274E        6        C       0
                text36                             270E     270E        C        C       0
                text35                             2368     2368       26        C       0
                text34                             1DE0     1DE0       5A        C       0
                text33                             199C     199C       AA        C       0
                text32                             2776     2776        4        C       0
                text31                             267C     267C       10        C       0
                text30                             1AE0     1AE0       8A        C       0
                text29                             16C8     16C8       BA        C       0
                text28                             13A8     13A8       D6        C       0
                text27                             160C     160C       BC        C       0
                text26                             23D8     23D8       24        C       0
                text25                             1A46     1A46       9A        C       0
                text24                             25C4     25C4       14        C       0
                text23                             2342     2342       26        C       0
                text22                             1D7E     1D7E       62        C       0
                text21                             266C     266C       10        C       0
                text20                             2772     2772        4        C       0
                text19                             2702     2702        C        C       0
                text18                             1160     1160      13A        C       0
                text17                             21A4     21A4       34        C       0
                text16                             265C     265C       10        C       0
                text15                             18F2     18F2       AA        C       0
                text14                             25B0     25B0       14        C       0
                text13                              BBE      BBE      256        C       0
                text12                             26F6     26F6        C        C       0
                text11                             1F3E     1F3E       50        C       0
                text10                             243E     243E       20        C       0
                text9                              23FC     23FC       22        C       0
                text8                              2170     2170       34        C       0
                text7                              24D6     24D6       1C        C       0
                text6                              1CB2     1CB2       66        C       0
                text5                              23B4     23B4       24        C       0
                text4                              241E     241E       20        C       0
                text3                              250E     250E       1A        C       0
                text2                              22CA     22CA       28        C       0
                text1                              1550     1550       BC        C       0
                text0                              2138     2138       38        C       0
                cstackCOMRAM                          1        1       42        1       1
                cstackBANK0                          ED       ED       13       60       1
                cstackBANK2                         280      280        B      200       1
                bssBANK2                            200      200       80      200       1
                bssBANK1                            100      100      100      100       1
                bssBANK0                             60       60       8D       60       1
                bssCOMRAM                            43       43        C        1       1
                bitbssCOMRAM                        278       4F        9        1       1     8
                cinit                              1FDE     1FDE       4A        C       0

TOTAL           Name                               Link     Load   Length     Space
        CLASS   STACK          

        CLASS   CODE           
                intcodelo                            18       18       B6         0
                intcode                               8        8        6         0
                init                                 CE       CE        4         0
                reset_vec                             0        0        4         0
                text106                            276C     276C        6         0
                text105                            2600     2600       14         0
                text104                            24B8     24B8       1E         0
                text103                            26BC     26BC       10         0
                text102                            2746     2746        8         0
                text101                            259A     259A       16         0
                text100                            2584     2584       16         0
                text99                             2766     2766        6         0
                intcode_body                       20B8     20B8       42         0
                text97                             273E     273E        8         0
                text96                             147E     147E       D2         0
                text95                             231A     231A       28         0
                text94                             26E8     26E8        E         0
                text93                             2724     2724        A         0
                text92                             2786     2786        4         0
                text91                             1F8E     1F8E       50         0
                text90                             129A     129A      10E         0
                text89                              FBA      FBA      1A6         0
                text88                             2782     2782        4         0
                text87                             264A     264A       12         0
                text86                             2638     2638       12         0
                text85                             1E92     1E92       58         0
                text84                             2760     2760        6         0
                text83                             25EC     25EC       14         0
                text82                             249A     249A       1E         0
                text81                             26AC     26AC       10         0
                text80                             1BDA     1BDA       70         0
                text78                             1782     1782       BA         0
                text77                             1C4A     1C4A       68         0
                text76                             2240     2240       32         0
                text75                             220C     220C       34         0
                text74                              E14      E14      1A6         0
                text73                             275A     275A        6         0
                text72                             25D8     25D8       14         0
                text71                             247C     247C       1E         0
                text70                             269C     269C       10         0
                text69                             2736     2736        8         0
                text68                             256E     256E       16         0
                text67                             2558     2558       16         0
                text66                             26DA     26DA        E         0
                text65                             277E     277E        4         0
                text64                             245E     245E       1E         0
                text63                             271A     271A        A         0
                text62                             2528     2528       1A         0
                text61                             277A     277A        4         0
                text60                             2754     2754        6         0
                text59                             2626     2626       12         0
                text58                             2614     2614       12         0
                text57                             1E3A     1E3A       58         0
                text56                             1B6A     1B6A       70         0
                text55                             1EEA     1EEA       54         0
                text54                             183C     183C       B6         0
                text53                             22F2     22F2       28         0
                text52                             2028     2028       4A         0
                text51                             20FA     20FA       3E         0
                text50                             238E     238E       26         0
                text49                             24F2     24F2       1C         0
                text48                              8D8      8D8      2E6         0
                text47                               D2       D2      806         0
                text46                             229E     229E       2C         0
                text45                             2272     2272       2C         0
                text44                             21D8     21D8       34         0
                text43                             2072     2072       46         0
                text42                             272E     272E        8         0
                text41                             1D18     1D18       66         0
                text40                             2542     2542       16         0
                text39                             268C     268C       10         0
                text38                             26CC     26CC        E         0
                text37                             274E     274E        6         0
                text36                             270E     270E        C         0
                text35                             2368     2368       26         0
                text34                             1DE0     1DE0       5A         0
                text33                             199C     199C       AA         0
                text32                             2776     2776        4         0
                text31                             267C     267C       10         0
                text30                             1AE0     1AE0       8A         0
                text29                             16C8     16C8       BA         0
                text28                             13A8     13A8       D6         0
                text27                             160C     160C       BC         0
                text26                             23D8     23D8       24         0
                text25                             1A46     1A46       9A         0
                text24                             25C4     25C4       14         0
                text23                             2342     2342       26         0
                text22                             1D7E     1D7E       62         0
                text21                             266C     266C       10         0
                text20                             2772     2772        4         0
                text19                             2702     2702        C         0
                text18                             1160     1160      13A         0
                text17                             21A4     21A4       34         0
                text16                             265C     265C       10         0
                text15                             18F2     18F2       AA         0
                text14                             25B0     25B0       14         0
                text13                              BBE      BBE      256         0
                text12                             26F6     26F6        C         0
                text11                             1F3E     1F3E       50         0
                text10                             243E     243E       20         0
                text9                              23FC     23FC       22         0
                text8                              2170     2170       34         0
                text7                              24D6     24D6       1C         0
                text6                              1CB2     1CB2       66         0
                text5                              23B4     23B4       24         0
                text4                              241E     241E       20         0
                text3                              250E     250E       1A         0
                text2                              22CA     22CA       28         0
                text1                              1550     1550       BC         0
                text0                              2138     2138       38         0
                cinit                              1FDE     1FDE       4A         0

        CLASS   CONST          

        CLASS   SMALLCONST     

        CLASS   MEDIUMCONST    
                mediumconst                        3EA4     3EA4      15C         0

        CLASS   COMRAM         
                temp                                 51       51        1         1
                cstackCOMRAM                          1        1       42         1
                bssCOMRAM                            43       43        C         1
                bitbssCOMRAM                        278       4F        9         1

        CLASS   ABS1           

        CLASS   BIGRAM         

        CLASS   RAM            

        CLASS   BANK0          
                cstackBANK0                          ED       ED       13         1
                bssBANK0                             60       60       8D         1

        CLASS   BANK1          
                bssBANK1                            100      100      100         1

        CLASS   BANK2          
                cstackBANK2                         280      280        B         1
                bssBANK2                            200      200       80         1

        CLASS   SFR            

        CLASS   FARRAM         

        CLASS   CONFIG         
                config                           300000   300000        E         0

        CLASS   IDLOC          
                idloc                            200000   200000        8         0

        CLASS   EEDATA         



SEGMENTS        Name                           Load    Length   Top    Selector   Space  Class

                reset_vec                      000000  000004  000004         0       0  CODE    
                cstackCOMRAM                   000001  000051  000052         1       1  COMRAM  
                intcode                        000008  000006  00000E         4       0  CODE    
                intcodelo                      000018  002772  00278A         C       0  CODE    
                bssBANK0                       000060  0000A0  000100        60       1  BANK0   
                bssBANK1                       000100  000100  000200       100       1  BANK1   
                bssBANK2                       000200  00008B  00028B       200       1  BANK2   
                mediumconst                    003EA4  00015C  004000      1F52       0  MEDIUMCO
                idloc                          200000  000008  200008    200000       0  IDLOC   
                config                         300000  00000E  30000E    300000       0  CONFIG  


UNUSED ADDRESS RANGES

        Name                Unused          Largest block    Delta
        BANK2            00028B-0002FF               75
        BIGRAM           000052-00005F                E
                         00028B-0002FF               75
        CODE             000004-000007                4
                         00000E-000017                A
                         00278A-003EA3             171A
        COMRAM           000052-00005F                E
        CONST            000004-000007                4
                         00000E-000017                A
                         00278A-003EA3             171A
        EEDATA           F00000-F000FF              100
        MEDIUMCONST      00278A-003EA3             171A
        RAM              00028B-0002FF               75
        SFR              000F60-000FFF               A0
        SMALLCONST       00278A-003EA3              100
        STACK            00028B-0002FF               75

                                  Symbol Table

?___awmod                                               cstackCOMRAM 00000F
?___ftdiv                                               cstackCOMRAM 000029
?___ftmul                                               cstackCOMRAM 00001B
?___ftpack                                              cstackCOMRAM 00000F
?___fttol                                               cstackCOMRAM 000038
?___lbtoft                                              cstackCOMRAM 000017
?___lwdiv                                               cstackCOMRAM 00000F
?___lwmod                                               cstackCOMRAM 000016
?___wmul                                                cstackCOMRAM 00000F
?_sprintf                                               cstackCOMRAM 00001B
Alarme_On@alarme_new_value                              cstackCOMRAM 000010
Buzzer_Etat@Activation                                  cstackCOMRAM 00000F
Cycle@i                                                 cstackBANK2  00028A
EUSART1_Buffer_Send@i                                   cstackCOMRAM 000010
EUSART1_Buffer_Send@text                                cstackCOMRAM 00000F
EUSART1_RX_T3_LOCAL@A                                   cstackBANK2  000281
EUSART1_RX_T3_LOCAL@Ad                                  cstackCOMRAM 000040
EUSART1_RX_T3_LOCAL@B                                   cstackBANK2  000282
EUSART1_RX_T3_LOCAL@C                                   cstackBANK2  000283
EUSART1_RX_T3_LOCAL@D                                   cstackBANK2  000284
EUSART1_RX_T3_LOCAL@Da                                  cstackBANK2  000280
EUSART1_RX_T3_LOCAL@E                                   cstackBANK2  000285
EUSART1_RX_T3_LOCAL@F                                   cstackBANK2  000286
EUSART1_RX_T3_LOCAL@i                                   cstackCOMRAM 000041
EUSART1_Receive_ISR@i                                   cstackCOMRAM 000007
Etat_Get@Etat_Indice                                    cstackCOMRAM 000017
Etat_Intitule@Etat_Number                               cstackCOMRAM 00000F
Etat_Update@etat_new_value                              cstackCOMRAM 00000F
IRQ_Execution@IRQ_Indice                                cstackCOMRAM 000012
Init_Variable@i                                         cstackCOMRAM 00000F
Mouvement_Bequille@direction                            cstackBANK2  000289
Mouvement_Bequille@option                               cstackBANK2  000288
Mouvement_Bequille@type_consigne                        cstackBANK2  000287
Mouvement_X@direction                                   cstackBANK2  000287
Mouvement_X@option                                      cstackBANK0  0000FF
Mouvement_X@type_consigne                               cstackBANK0  0000FE
Mouvement_Z@direction                                   cstackBANK2  000289
Mouvement_Z@option                                      cstackBANK2  000288
Mouvement_Z@type_consigne                               cstackBANK2  000287
SPI_ISR@i                                               cstackCOMRAM 000007
_ADCHS                                                  (abs)        000F99
_ADCON0                                                 (abs)        000FC2
_ADCON0bits                                             (abs)        000FC2
_ADCON1                                                 (abs)        000FC1
_ADCON1bits                                             (abs)        000FC1
_ADCON2                                                 (abs)        000FC0
_ADCON2bits                                             (abs)        000FC0
_ADCON3                                                 (abs)        000F9A
_ADCON3bits                                             (abs)        000F9A
_ADIF                                                   (abs)        007CF6
_ADON                                                   (abs)        007E10
_ADRESH                                                 (abs)        000FC4
_ANSEL0                                                 (abs)        000FB8
_ANSEL1                                                 (abs)        000FB9
_Alarme                                                 bssBANK0     0000A9
_Alarme_On                                              text70       00269C
_BAUDCON                                                (abs)        000FAA
_BAUDCONbits                                            (abs)        000FAA
_Bequille_I_Max                                         bssBANK0     000092
_Buzzer_Etat                                            text66       0026DA
_CAP1CONbits                                            (abs)        000F63
_CAP2CONbits                                            (abs)        000F62
_Capteur_Capot_Compteur_Temps_S                         bssBANK0     00009E
_Capteur_Capot_Nb_Evenement                             bssBANK0     00009F
_Capteur_Capot_Nb_Evenement_Autoriser                   bssCOMRAM    00004A
_Capteur_Capot_Off                                      text32       002776
_Capteur_Capot_On                                       text31       00267C
_Check_List_Moteur_1                                    text25       001A46
_Check_List_Moteur_2                                    text17       0021A4
_Check_List_Moteur_Bequille                             text43       002072
_Compteur_IRQ_I_Moteur_1                                bssCOMRAM    000048
_Compteur_IRQ_I_Moteur_2                                bssCOMRAM    000047
_Consigne_Max                                           bssBANK0     000097
_Consigne_Max_Moteur_Bequille                           bssBANK0     000094
_Consigne_Max_Moteur_X                                  bssBANK0     000096
_Consigne_Max_Moteur_Z                                  bssBANK0     000095
_Consigne_en_A                                          bssCOMRAM    000049
_Coupe_Moteur                                           text72       0025D8
_Cycle                                                  text13       000BBE
_DTCON                                                  (abs)        000F6D
_DVT_Tableau_Pause                                      bssBANK0     000074
_Detecteur_Pion                                         bitbssCOMRAM 000280
_Detection_Pion_Init                                    text24       0025C4
_Detection_Pion_Off                                     text42       00272E
_Detection_Pion_On                                      text23       002342
_EUSART1_Buffer_Send                                    text78       001782
_EUSART1_Check_Buffer                                   text46       00229E
_EUSART1_Erreur_Get                                     text97       00273E
_EUSART1_IT_ACTIVATE                                    text12       0026F6
_EUSART1_Initialize                                     text11       001F3E
_EUSART1_RX_T3_LOCAL                                    text47       0000D2
_EUSART1_Receive_ISR                                    text96       00147E
_EUSART1_Transmit_ISR                                   text95       00231A
_Etat                                                   bssBANK0     0000AA
_Etat_Get                                               text76       002240
_Etat_Intitule                                          text75       00220C
_Etat_Log                                               bssBANK0     00006A
_Etat_Precedent_Index                                   bssCOMRAM    00004C
_Etat_Update                                            text71       00247C
_GIE                                                    (abs)        007F97
_GODONE                                                 (abs)        007E11
_HIGH_PRIORITY_IRQ                                      intcode      000008
_INT0IF                                                 (abs)        007F91
_INTCON2bits                                            (abs)        000FF1
_INTCON3bits                                            (abs)        000FF0
_INTCONbits                                             (abs)        000FF2
_IOFS                                                   (abs)        007E9A
_IPR1bits                                               (abs)        000F9F
_IPR3bits                                               (abs)        000FA5
_IRQ_ADC                                                text74       000E14
_IRQ_CAPOT                                              text69       002736
_IRQ_Execution                                          text55       001EEA
_IRQ_I_MOTEUR_1                                         text68       00256E
_IRQ_I_MOTEUR_2                                         text67       002558
_IRQ_PION_CHANGEMENT_ETAT                               text91       001F8E
_IRQ_PION_Metal_Apparait                                text64       00245E
_IRQ_PION_Metal_Disparait                               text62       002528
_IRQ_PWM                                                text61       00277A
_IRQ_TIMER2                                             text60       002754
_IRQ_TIMER_0                                            text57       001E3A
_IRQ_TIMER_5                                            text56       001B6A
_Image_Courant_Moteur_1                                 bssBANK0     00009B
_Image_Courant_Moteur_2                                 bssBANK0     00009A
_Init_ADC                                               text10       00243E
_Init_ADC_Single_Shoot_I_Moteur_1                       text22       001D7E
_Init_ADC_Single_Shoot_I_Moteur_2                       text41       001D18
_Init_IT                                                text8        002170
_Init_Input_Capture_0                                   text9        0023FC
_Init_Moteur_1                                          text21       00266C
_Init_Moteur_2                                          text16       00265C
_Init_Moteur_Bequille                                   text39       00268C
_Init_PWM                                               text7        0024D6
_Init_Port                                              text6        001CB2
_Init_SPI                                               text5        0023B4
_Init_TIMER0                                            text4        00241E
_Init_TIMER2                                            text3        00250E
_Init_TIMER5                                            text2        0022CA
_Init_Variable                                          text1        001550
_LATA                                                   (abs)        000F89
_LATAbits                                               (abs)        000F89
_LATB                                                   (abs)        000F8A
_LATC                                                   (abs)        000F8B
_LATC5                                                  (abs)        007C5D
_LATCbits                                               (abs)        000F8B
_LATD                                                   (abs)        000F8C
_LATD4                                                  (abs)        007C64
_LATD5                                                  (abs)        007C65
_LATD6                                                  (abs)        007C66
_LATD7                                                  (abs)        007C67
_LATE                                                   (abs)        000F8D
_LATEbits                                               (abs)        000F8D
_LOW_PRIORITY_IRQ                                       intcodelo    000018
_Mouvement_Bequille                                     text33       00199C
_Mouvement_Startup                                      bssCOMRAM    00004D
_Mouvement_X                                            text18       001160
_Mouvement_Z                                            text15       0018F2
_Nouvelle_Valeur_ADC                                    bitbssCOMRAM 00027F
_OSCCON                                                 (abs)        000FD3
_OVDCOND                                                (abs)        000F6B
_OVDCONS                                                (abs)        000F6A
_Option_Multitas                                        bitbssCOMRAM 00027E
_Option_Pailleux                                        bitbssCOMRAM 00027D
_P4_busy                                                bssBANK0     0000AC
_PDC0H                                                  (abs)        000F78
_PDC0L                                                  (abs)        000F79
_PDC1H                                                  (abs)        000F76
_PDC1L                                                  (abs)        000F77
_PEIE                                                   (abs)        007F96
_PID_out                                                bssBANK0     000080
_PIE1bits                                               (abs)        000F9D
_PIE3bits                                               (abs)        000FA3
_PIR1bits                                               (abs)        000F9E
_PIR3bits                                               (abs)        000FA4
_PORTAbits                                              (abs)        000F80
_PORTBbits                                              (abs)        000F81
_PORTCbits                                              (abs)        000F82
_PR2                                                    (abs)        000FCB
_PR5H                                                   (abs)        000F91
_PR5L                                                   (abs)        000F90
_PTCON0                                                 (abs)        000F7F
_PTCON0bits                                             (abs)        000F7F
_PTCON1                                                 (abs)        000F7E
_PTCON1bits                                             (abs)        000F7E
_PTIF                                                   (abs)        007D24
_PTPERH                                                 (abs)        000F7A
_PTPERL                                                 (abs)        000F7B
_PWMCON0                                                (abs)        000F6F
_PWMCON0bits                                            (abs)        000F6F
_PWMCON1                                                (abs)        000F6E
_Patinage_Nb_Essai                                      bssBANK0     00009D
_Patinage_Nb_Essai_Autoriser                            bssBANK0     00009C
_Pelle_I_Max                                            bssBANK0     000093
_RCONbits                                               (abs)        000FD0
_RCREG                                                  (abs)        000FAE
_RCREG1                                                 (abs)        000FAE
_RCSTA1                                                 (abs)        000FAB
_RCSTA1bits                                             (abs)        000FAB
_RX1_ABR                                                bitbssCOMRAM 00027C
_RX1_full                                               bitbssCOMRAM 00027B
_SEVTCMPH                                               (abs)        000F70
_SEVTCMPL                                               (abs)        000F71
_SEVTDIR                                                (abs)        007B73
_SPBRG                                                  (abs)        000FAF
_SPBRGH                                                 (abs)        000FB0
_SPI_Check_Buffer                                       text45       002272
_SPI_ISR                                                text90       00129A
_SPI_MODE                                               bitbssCOMRAM 000278
_SPI_RX_TEXT                                            bssBANK1     000100
_SPI_full                                               bitbssCOMRAM 00027A
_SSPBUF                                                 (abs)        000FC9
_SSPCONbits                                             (abs)        000FC6
_SSPSTATbits                                            (abs)        000FC7
_Stop_Moteur_1                                          text20       002772
_Surveillance_Capteur_Pion                              bssBANK0     000089
_Surveillance_Consommation_Moteur_1                     bssBANK0     00008B
_Surveillance_Consommation_Moteur_1_Activer             text59       002626
_Surveillance_Consommation_Moteur_1_Desactiver          text19       002702
_Surveillance_Consommation_Moteur_2                     bssBANK0     00008A
_Surveillance_Consommation_Moteur_2_Activer             text58       002614
_Surveillance_Consommation_Moteur_2_Desactiver          text38       0026CC
_T0CONbits                                              (abs)        000FD5
_T2CON                                                  (abs)        000FCA
_T2CONbits                                              (abs)        000FCA
_T5CONbits                                              (abs)        000FB7
_TIMER0_Etat                                            bssBANK0     000088
_TIMER0_Off                                             text36       00270E
_TIMER0_On                                              text40       002542
_TIMER2_Off                                             text73       00275A
_TIMER2_On                                              text37       00274E
_TIMER5_Off                                             text63       00271A
_TIMER5_On                                              text65       00277E
_TMR0H                                                  (abs)        000FD7
_TMR0L                                                  (abs)        000FD6
_TMR2                                                   (abs)        000FCC
_TMR2IF                                                 (abs)        007CF1
_TMR5H                                                  (abs)        000F88
_TMR5L                                                  (abs)        000F87
_TRISA                                                  (abs)        000F92
_TRISAbits                                              (abs)        000F92
_TRISB                                                  (abs)        000F93
_TRISBbits                                              (abs)        000F93
_TRISC                                                  (abs)        000F94
_TRISCbits                                              (abs)        000F94
_TRISD                                                  (abs)        000F95
_TRISDbits                                              (abs)        000F95
_TRISE                                                  (abs)        000F96
_TRISEbits                                              (abs)        000F96
_TRMT1                                                  (abs)        007D61
_TXREG1                                                 (abs)        000FAD
_TXSTA1                                                 (abs)        000FAC
_TXSTA1bits                                             (abs)        000FAC
_UART_RX_TEXT                                           bssBANK1     0001C0
_UART_TEST                                              bitbssCOMRAM 000279
_UART_TX_TEXT                                           bssBANK0     0000AD
_Version                                                bssBANK0     0000AB
__CFG_BOREN$OFF                                         (abs)        000000
__CFG_BORV$27                                           (abs)        000000
__CFG_CP0$OFF                                           (abs)        000000
__CFG_CP1$OFF                                           (abs)        000000
__CFG_CP2$OFF                                           (abs)        000000
__CFG_CP3$OFF                                           (abs)        000000
__CFG_CPB$OFF                                           (abs)        000000
__CFG_CPD$OFF                                           (abs)        000000
__CFG_EBTR0$OFF                                         (abs)        000000
__CFG_EBTR1$OFF                                         (abs)        000000
__CFG_EBTR2$OFF                                         (abs)        000000
__CFG_EBTR3$OFF                                         (abs)        000000
__CFG_EBTRB$OFF                                         (abs)        000000
__CFG_EXCLKMX$RC3                                       (abs)        000000
__CFG_FCMEN$ON                                          (abs)        000000
__CFG_FLTAMX$RC1                                        (abs)        000000
__CFG_HPOL$HIGH                                         (abs)        000000
__CFG_IESO$ON                                           (abs)        000000
__CFG_LPOL$HIGH                                         (abs)        000000
__CFG_LVP$OFF                                           (abs)        000000
__CFG_MCLRE$ON                                          (abs)        000000
__CFG_OSC$IRCIO                                         (abs)        000000
__CFG_PWM4MX$RB5                                        (abs)        000000
__CFG_PWMPIN$OFF                                        (abs)        000000
__CFG_PWRTEN$ON                                         (abs)        000000
__CFG_SSPMX$RD1                                         (abs)        000000
__CFG_STVREN$ON                                         (abs)        000000
__CFG_T1OSCMX$OFF                                       (abs)        000000
__CFG_WDPS$32768                                        (abs)        000000
__CFG_WDTEN$OFF                                         (abs)        000000
__CFG_WINEN$OFF                                         (abs)        000000
__CFG_WRT0$OFF                                          (abs)        000000
__CFG_WRT1$OFF                                          (abs)        000000
__CFG_WRT2$OFF                                          (abs)        000000
__CFG_WRT3$OFF                                          (abs)        000000
__CFG_WRTB$OFF                                          (abs)        000000
__CFG_WRTC$OFF                                          (abs)        000000
__CFG_WRTD$OFF                                          (abs)        000000
__HRAM                                                  (abs)        000000
__Habs1                                                 abs1         000000
__Hbank0                                                bank0        000000
__Hbank1                                                bank1        000000
__Hbank2                                                bank2        000000
__Hbigbss                                               bigbss       000000
__Hbigdata                                              bigdata      000000
__Hbigram                                               bigram       000000
__HbitbssCOMRAM                                         bitbssCOMRAM 000000
__Hbss                                                  bss          000000
__HbssBANK0                                             bssBANK0     000000
__HbssBANK1                                             bssBANK1     000000
__HbssBANK2                                             bssBANK2     000000
__HbssCOMRAM                                            bssCOMRAM    000000
__Hcinit                                                cinit        000000
__Hclrtext                                              clrtext      000000
__Hcomram                                               comram       000000
__Hconfig                                               config       30000E
__Hconst                                                const        000000
__HcstackBANK0                                          cstackBANK0  000000
__HcstackBANK2                                          cstackBANK2  000000
__HcstackCOMRAM                                         cstackCOMRAM 000000
__Hdata                                                 data         000000
__Heeprom_data                                          eeprom_data  000000
__Hfarbss                                               farbss       000000
__Hfardata                                              fardata      000000
__Hibigdata                                             ibigdata     000000
__Hidata                                                idata        000000
__Hidloc                                                idloc        200008
__Hifardata                                             ifardata     000000
__Hinit                                                 init         0000D2
__Hintcode                                              intcode      00000E
__Hintcode_body                                         intcode_body 000000
__Hintcodelo                                            intcodelo    0000CE
__Hintentry                                             intentry     000000
__Hintret                                               intret       000000
__Hintsave_regs                                         intsave_regs 000000
__Hirdata                                               irdata       000000
__Hmediumconst                                          mediumconst  004000
__HnvFARRAM                                             nvFARRAM     000000
__Hnvbit                                                nvbit        000000
__Hnvrram                                               nvrram       000000
__Hparam                                                rparam       000000
__Hpowerup                                              powerup      0000CE
__Hram                                                  ram          000000
__Hramtop                                               ramtop       000300
__Hrbit                                                 rbit         000000
__Hrbss                                                 rbss         000000
__Hrdata                                                rdata        000000
__Hreset_vec                                            reset_vec    000004
__Hrparam                                               rparam       000000
__Hsfr                                                  sfr          000000
__Hsmallconst                                           smallconst   000000
__Hspace_0                                              (abs)        30000E
__Hspace_1                                              (abs)        00028B
__Hspace_2                                              (abs)        000000
__Hstack                                                stack        000000
__Hstruct                                               struct       000000
__Htemp                                                 temp         000052
__Htext                                                 text         000000
__Htext0                                                text0        000000
__Htext1                                                text1        000000
__Htext10                                               text10       000000
__Htext100                                              text100      000000
__Htext101                                              text101      000000
__Htext102                                              text102      000000
__Htext103                                              text103      000000
__Htext104                                              text104      000000
__Htext105                                              text105      000000
__Htext106                                              text106      000000
__Htext11                                               text11       000000
__Htext12                                               text12       000000
__Htext13                                               text13       000000
__Htext14                                               text14       000000
__Htext15                                               text15       000000
__Htext16                                               text16       000000
__Htext17                                               text17       000000
__Htext18                                               text18       000000
__Htext19                                               text19       000000
__Htext2                                                text2        000000
__Htext20                                               text20       000000
__Htext21                                               text21       000000
__Htext22                                               text22       000000
__Htext23                                               text23       000000
__Htext24                                               text24       000000
__Htext25                                               text25       000000
__Htext26                                               text26       000000
__Htext27                                               text27       000000
__Htext28                                               text28       000000
__Htext29                                               text29       000000
__Htext3                                                text3        000000
__Htext30                                               text30       000000
__Htext31                                               text31       000000
__Htext32                                               text32       000000
__Htext33                                               text33       000000
__Htext34                                               text34       000000
__Htext35                                               text35       000000
__Htext36                                               text36       000000
__Htext37                                               text37       000000
__Htext38                                               text38       000000
__Htext39                                               text39       000000
__Htext4                                                text4        000000
__Htext40                                               text40       000000
__Htext41                                               text41       000000
__Htext42                                               text42       000000
__Htext43                                               text43       000000
__Htext44                                               text44       000000
__Htext45                                               text45       000000
__Htext46                                               text46       000000
__Htext47                                               text47       000000
__Htext48                                               text48       000000
__Htext49                                               text49       000000
__Htext5                                                text5        000000
__Htext50                                               text50       000000
__Htext51                                               text51       000000
__Htext52                                               text52       000000
__Htext53                                               text53       000000
__Htext54                                               text54       000000
__Htext55                                               text55       000000
__Htext56                                               text56       000000
__Htext57                                               text57       000000
__Htext58                                               text58       000000
__Htext59                                               text59       000000
__Htext6                                                text6        000000
__Htext60                                               text60       000000
__Htext61                                               text61       000000
__Htext62                                               text62       000000
__Htext63                                               text63       000000
__Htext64                                               text64       000000
__Htext65                                               text65       000000
__Htext66                                               text66       000000
__Htext67                                               text67       000000
__Htext68                                               text68       000000
__Htext69                                               text69       000000
__Htext7                                                text7        000000
__Htext70                                               text70       000000
__Htext71                                               text71       000000
__Htext72                                               text72       000000
__Htext73                                               text73       000000
__Htext74                                               text74       000000
__Htext75                                               text75       000000
__Htext76                                               text76       000000
__Htext77                                               text77       000000
__Htext78                                               text78       000000
__Htext8                                                text8        000000
__Htext80                                               text80       000000
__Htext81                                               text81       000000
__Htext82                                               text82       000000
__Htext83                                               text83       000000
__Htext84                                               text84       000000
__Htext85                                               text85       000000
__Htext86                                               text86       000000
__Htext87                                               text87       000000
__Htext88                                               text88       000000
__Htext89                                               text89       000000
__Htext9                                                text9        000000
__Htext90                                               text90       000000
__Htext91                                               text91       000000
__Htext92                                               text92       000000
__Htext93                                               text93       000000
__Htext94                                               text94       000000
__Htext95                                               text95       000000
__Htext96                                               text96       000000
__Htext97                                               text97       000000
__Htext99                                               text99       000000
__LRAM                                                  (abs)        000001
__Labs1                                                 abs1         000000
__Lbank0                                                bank0        000000
__Lbank1                                                bank1        000000
__Lbank2                                                bank2        000000
__Lbigbss                                               bigbss       000000
__Lbigdata                                              bigdata      000000
__Lbigram                                               bigram       000000
__LbitbssCOMRAM                                         bitbssCOMRAM 000000
__Lbss                                                  bss          000000
__LbssBANK0                                             bssBANK0     000000
__LbssBANK1                                             bssBANK1     000000
__LbssBANK2                                             bssBANK2     000000
__LbssCOMRAM                                            bssCOMRAM    000000
__Lcinit                                                cinit        000000
__Lclrtext                                              clrtext      000000
__Lcomram                                               comram       000000
__Lconfig                                               config       300000
__Lconst                                                const        000000
__LcstackBANK0                                          cstackBANK0  000000
__LcstackBANK2                                          cstackBANK2  000000
__LcstackCOMRAM                                         cstackCOMRAM 000000
__Ldata                                                 data         000000
__Leeprom_data                                          eeprom_data  000000
__Lfarbss                                               farbss       000000
__Lfardata                                              fardata      000000
__Libigdata                                             ibigdata     000000
__Lidata                                                idata        000000
__Lidloc                                                idloc        200000
__Lifardata                                             ifardata     000000
__Linit                                                 init         0000CE
__Lintcode                                              intcode      000008
__Lintcode_body                                         intcode_body 000000
__Lintcodelo                                            intcodelo    000018
__Lintentry                                             intentry     000000
__Lintret                                               intret       000000
__Lintsave_regs                                         intsave_regs 000000
__Lirdata                                               irdata       000000
__Lmediumconst                                          mediumconst  003EA4
__LnvFARRAM                                             nvFARRAM     000000
__Lnvbit                                                nvbit        000000
__Lnvrram                                               nvrram       000000
__Lparam                                                rparam       000000
__Lpowerup                                              powerup      0000CE
__Lram                                                  ram          000000
__Lramtop                                               ramtop       000300
__Lrbit                                                 rbit         000000
__Lrbss                                                 rbss         000000
__Lrdata                                                rdata        000000
__Lreset_vec                                            reset_vec    000000
__Lrparam                                               rparam       000000
__Lsfr                                                  sfr          000000
__Lsmallconst                                           smallconst   000000
__Lspace_0                                              (abs)        000000
__Lspace_1                                              (abs)        000000
__Lspace_2                                              (abs)        000000
__Lstack                                                stack        000000
__Lstruct                                               struct       000000
__Ltemp                                                 temp         000051
__Ltext                                                 text         000000
__Ltext0                                                text0        000000
__Ltext1                                                text1        000000
__Ltext10                                               text10       000000
__Ltext100                                              text100      000000
__Ltext101                                              text101      000000
__Ltext102                                              text102      000000
__Ltext103                                              text103      000000
__Ltext104                                              text104      000000
__Ltext105                                              text105      000000
__Ltext106                                              text106      000000
__Ltext11                                               text11       000000
__Ltext12                                               text12       000000
__Ltext13                                               text13       000000
__Ltext14                                               text14       000000
__Ltext15                                               text15       000000
__Ltext16                                               text16       000000
__Ltext17                                               text17       000000
__Ltext18                                               text18       000000
__Ltext19                                               text19       000000
__Ltext2                                                text2        000000
__Ltext20                                               text20       000000
__Ltext21                                               text21       000000
__Ltext22                                               text22       000000
__Ltext23                                               text23       000000
__Ltext24                                               text24       000000
__Ltext25                                               text25       000000
__Ltext26                                               text26       000000
__Ltext27                                               text27       000000
__Ltext28                                               text28       000000
__Ltext29                                               text29       000000
__Ltext3                                                text3        000000
__Ltext30                                               text30       000000
__Ltext31                                               text31       000000
__Ltext32                                               text32       000000
__Ltext33                                               text33       000000
__Ltext34                                               text34       000000
__Ltext35                                               text35       000000
__Ltext36                                               text36       000000
__Ltext37                                               text37       000000
__Ltext38                                               text38       000000
__Ltext39                                               text39       000000
__Ltext4                                                text4        000000
__Ltext40                                               text40       000000
__Ltext41                                               text41       000000
__Ltext42                                               text42       000000
__Ltext43                                               text43       000000
__Ltext44                                               text44       000000
__Ltext45                                               text45       000000
__Ltext46                                               text46       000000
__Ltext47                                               text47       000000
__Ltext48                                               text48       000000
__Ltext49                                               text49       000000
__Ltext5                                                text5        000000
__Ltext50                                               text50       000000
__Ltext51                                               text51       000000
__Ltext52                                               text52       000000
__Ltext53                                               text53       000000
__Ltext54                                               text54       000000
__Ltext55                                               text55       000000
__Ltext56                                               text56       000000
__Ltext57                                               text57       000000
__Ltext58                                               text58       000000
__Ltext59                                               text59       000000
__Ltext6                                                text6        000000
__Ltext60                                               text60       000000
__Ltext61                                               text61       000000
__Ltext62                                               text62       000000
__Ltext63                                               text63       000000
__Ltext64                                               text64       000000
__Ltext65                                               text65       000000
__Ltext66                                               text66       000000
__Ltext67                                               text67       000000
__Ltext68                                               text68       000000
__Ltext69                                               text69       000000
__Ltext7                                                text7        000000
__Ltext70                                               text70       000000
__Ltext71                                               text71       000000
__Ltext72                                               text72       000000
__Ltext73                                               text73       000000
__Ltext74                                               text74       000000
__Ltext75                                               text75       000000
__Ltext76                                               text76       000000
__Ltext77                                               text77       000000
__Ltext78                                               text78       000000
__Ltext8                                                text8        000000
__Ltext80                                               text80       000000
__Ltext81                                               text81       000000
__Ltext82                                               text82       000000
__Ltext83                                               text83       000000
__Ltext84                                               text84       000000
__Ltext85                                               text85       000000
__Ltext86                                               text86       000000
__Ltext87                                               text87       000000
__Ltext88                                               text88       000000
__Ltext89                                               text89       000000
__Ltext9                                                text9        000000
__Ltext90                                               text90       000000
__Ltext91                                               text91       000000
__Ltext92                                               text92       000000
__Ltext93                                               text93       000000
__Ltext94                                               text94       000000
__Ltext95                                               text95       000000
__Ltext96                                               text96       000000
__Ltext97                                               text97       000000
__Ltext99                                               text99       000000
__S0                                                    (abs)        30000E
__S1                                                    (abs)        00028B
__S2                                                    (abs)        000000
___awmod                                                text77       001C4A
___awmod@counter                                        cstackCOMRAM 000013
___awmod@dividend                                       cstackCOMRAM 00000F
___awmod@divisor                                        cstackCOMRAM 000011
___awmod@sign                                           cstackCOMRAM 000014
___ftdiv                                                text29       0016C8
___ftdiv@cntr                                           cstackCOMRAM 000032
___ftdiv@exp                                            cstackCOMRAM 000036
___ftdiv@f1                                             cstackCOMRAM 000029
___ftdiv@f2                                             cstackCOMRAM 00002C
___ftdiv@f3                                             cstackCOMRAM 000033
___ftdiv@sign                                           cstackCOMRAM 000037
___ftmul                                                text28       0013A8
___ftmul@exp                                            cstackCOMRAM 000024
___ftmul@f1                                             cstackCOMRAM 00001B
___ftmul@f2                                             cstackCOMRAM 00001E
___ftmul@f3_as_product                                  cstackCOMRAM 000026
___ftmul@sign                                           cstackCOMRAM 000025
___ftpack                                               text30       001AE0
___ftpack@arg                                           cstackCOMRAM 00000F
___ftpack@exp                                           cstackCOMRAM 000012
___ftpack@sign                                          cstackCOMRAM 000013
___fttol                                                text27       00160C
___fttol@exp1                                           cstackBANK0  0000F2
___fttol@f1                                             cstackCOMRAM 000038
___fttol@lval                                           cstackBANK0  0000EE
___fttol@sign1                                          cstackBANK0  0000ED
___inthi_sp                                             stack        000000
___intlo_sp                                             stack        000000
___lbdiv                                                text44       0021D8
___lbdiv@counter                                        cstackCOMRAM 000011
___lbdiv@dividend                                       cstackCOMRAM 000010
___lbdiv@divisor                                        cstackCOMRAM 00000F
___lbdiv@quotient                                       cstackCOMRAM 000012
___lbtoft                                               text26       0023D8
___lbtoft@c                                             cstackCOMRAM 00001A
___lwdiv                                                text52       002028
___lwdiv@counter                                        cstackCOMRAM 000013
___lwdiv@dividend                                       cstackCOMRAM 00000F
___lwdiv@divisor                                        cstackCOMRAM 000011
___lwdiv@quotient                                       cstackCOMRAM 000014
___lwmod                                                text51       0020FA
___lwmod@counter                                        cstackCOMRAM 00001A
___lwmod@dividend                                       cstackCOMRAM 000016
___lwmod@divisor                                        cstackCOMRAM 000018
___param_bank                                           (abs)        000000
___rparam_used                                          (abs)        000001
___sp                                                   stack        000000
___wmul                                                 text50       00238E
___wmul@multiplicand                                    cstackCOMRAM 000011
___wmul@multiplier                                      cstackCOMRAM 00000F
___wmul@product                                         cstackCOMRAM 000013
__accesstop                                             (abs)        000060
__activetblptr                                          (abs)        000002
__end_of_Alarme_On                                      text70       0026AC
__end_of_Buzzer_Etat                                    text66       0026E8
__end_of_Capteur_Capot_Off                              text32       00277A
__end_of_Capteur_Capot_On                               text31       00268C
__end_of_Check_List_Moteur_1                            text25       001AE0
__end_of_Check_List_Moteur_2                            text17       0021D8
__end_of_Check_List_Moteur_Bequille                     text43       0020B8
__end_of_Coupe_Moteur                                   text72       0025EC
__end_of_Cycle                                          text13       000E14
__end_of_Detection_Pion_Init                            text24       0025D8
__end_of_Detection_Pion_Off                             text42       002736
__end_of_Detection_Pion_On                              text23       002368
__end_of_EUSART1_Buffer_Send                            text78       00183C
__end_of_EUSART1_Check_Buffer                           text46       0022CA
__end_of_EUSART1_Erreur_Get                             text97       002746
__end_of_EUSART1_IT_ACTIVATE                            text12       002702
__end_of_EUSART1_Initialize                             text11       001F8E
__end_of_EUSART1_RX_T3_LOCAL                            text47       0008D8
__end_of_EUSART1_Receive_ISR                            text96       001550
__end_of_EUSART1_Transmit_ISR                           text95       002342
__end_of_Etat_Get                                       text76       002272
__end_of_Etat_Intitule                                  text75       002240
__end_of_Etat_Update                                    text71       00249A
__end_of_HIGH_PRIORITY_IRQ                              intcode_body 0020FA
__end_of_IRQ_ADC                                        text74       000FBA
__end_of_IRQ_CAPOT                                      text69       00273E
__end_of_IRQ_Execution                                  text55       001F3E
__end_of_IRQ_I_MOTEUR_1                                 text68       002584
__end_of_IRQ_I_MOTEUR_2                                 text67       00256E
__end_of_IRQ_PION_CHANGEMENT_ETAT                       text91       001FDE
__end_of_IRQ_PION_Metal_Apparait                        text64       00247C
__end_of_IRQ_PION_Metal_Disparait                       text62       002542
__end_of_IRQ_PWM                                        text61       00277E
[...]
 Defined at:
		line 263 in file "timer.c"
 Parameters:    Size  Location     Type
		None
 Auto vars:     Size  Location     Type
		None
 Return value:  Size  Location     Type
                  1    wreg      void 
 Registers used:
		None
 Tracked objects:
		On entry : 
		On exit  : 
		Unchanged: 
 Data sizes:     COMRAM   BANK0   BANK1   BANK2
      Params:         0       0       0       0
      Locals:         0       0       0       0
      Temps:          0       0       0       0
      Totals:         0       0       0       0
Total ram usage:        0 bytes
 Hardware stack levels used:    1
 Hardware stack levels required when called:    5
 This function calls:
		Nothing
 This function is called by:
		_IRQ_PION_CHANGEMENT_ETAT
		i1_IRQ_TIMER_5
 This function uses a non-reentrant model


 *************** function i1_Buzzer_Etat *****************
 Defined at:
		line 29 in file "interrupt.c"
 Parameters:    Size  Location     Type
  Activation      1    wreg     unsigned char 
 Auto vars:     Size  Location     Type
  Activation      1    4[COMRAM] unsigned char 
 Return value:  Size  Location     Type
                  1    wreg      void 
 Registers used:
		wreg, status,2, status,0
 Tracked objects:
		On entry : 
		On exit  : 
		Unchanged: 
 Data sizes:     COMRAM   BANK0   BANK1   BANK2
      Params:         0       0       0       0
      Locals:         1       0       0       0
      Temps:          0       0       0       0
      Totals:         1       0       0       0
Total ram usage:        1 bytes
 Hardware stack levels used:    1
 Hardware stack levels required when called:    5
 This function calls:
		Nothing
 This function is called by:
		_IRQ_PION_CHANGEMENT_ETAT
		i1_IRQ_TIMER_5
 This function uses a non-reentrant model


 *************** function _EUSART1_Transmit_ISR *****************
 Defined at:
		line 552 in file "eusart.c"
 Parameters:    Size  Location     Type
		None
 Auto vars:     Size  Location     Type
		None
 Return value:  Size  Location     Type
                  1    wreg      void 
 Registers used:
		wreg, fsr2l, fsr2h, status,2, status,0
 Tracked objects:
		On entry : 
		On exit  : 
		Unchanged: 
 Data sizes:     COMRAM   BANK0   BANK1   BANK2
      Params:         0       0       0       0
      Locals:         0       0       0       0
      Temps:          0       0       0       0
      Totals:         0       0       0       0
Total ram usage:        0 bytes
 Hardware stack levels used:    1
 Hardware stack levels required when called:    5
 This function calls:
		Nothing
 This function is called by:
		_LOW_PRIORITY_IRQ
 This function uses a non-reentrant model


 *************** function _EUSART1_Receive_ISR *****************
 Defined at:
		line 597 in file "eusart.c"
 Parameters:    Size  Location     Type
		None
 Auto vars:     Size  Location     Type
  i               1    6[COMRAM] unsigned char 
 Return value:  Size  Location     Type
                  1    wreg      void 
 Registers used:
		wreg, fsr1l, fsr1h, fsr2l, fsr2h, status,2, status,0, cstack
 Tracked objects:
		On entry : 
		On exit  : 
		Unchanged: 
 Data sizes:     COMRAM   BANK0   BANK1   BANK2
      Params:         0       0       0       0
      Locals:         1       0       0       0
      Temps:          2       0       0       0
      Totals:         3       0       0       0
Total ram usage:        3 bytes
 Hardware stack levels used:    1
 Hardware stack levels required when called:    6
 This function calls:
		_EUSART1_Erreur_Get
 This function is called by:
		_LOW_PRIORITY_IRQ
 This function uses a non-reentrant model


 *************** function _EUSART1_Erreur_Get *****************
 Defined at:
		line 585 in file "eusart.c"
 Parameters:    Size  Location     Type
		None
 Auto vars:     Size  Location     Type
		None
 Return value:  Size  Location     Type
                  1    wreg      void 
 Registers used:
		None
 Tracked objects:
		On entry : 
		On exit  : 
		Unchanged: 
 Data sizes:     COMRAM   BANK0   BANK1   BANK2
      Params:         0       0       0       0
      Locals:         0       0       0       0
      Temps:          0       0       0       0
      Totals:         0       0       0       0
Total ram usage:        0 bytes
 Hardware stack levels used:    1
 Hardware stack levels required when called:    5
 This function calls:
		Nothing
 This function is called by:
		_EUSART1_Receive_ISR
 This function uses a non-reentrant model


 *************** function _HIGH_PRIORITY_IRQ *****************
 Defined at:
		line 955 in file "interrupt.c"
 Parameters:    Size  Location     Type
		None
 Auto vars:     Size  Location     Type
		None
 Return value:  Size  Location     Type
                  1    wreg      void 
 Registers used:
		wreg, fsr2l, fsr2h, status,2, status,0, cstack
 Tracked objects:
		On entry : 
		On exit  : 
		Unchanged: 
 Data sizes:     COMRAM   BANK0   BANK1   BANK2
      Params:         0       0       0       0
      Locals:         0       0       0       0
      Temps:          2       0       0       0
      Totals:         2       0       0       0
Total ram usage:        2 bytes
 Hardware stack levels used:    1
 Hardware stack levels required when called:    4
 This function calls:
		i2_IRQ_CAPOT
		i2_IRQ_I_MOTEUR_1
		i2_IRQ_I_MOTEUR_2
		i2_IRQ_TIMER2
 This function is called by:
		Interrupt level 2
 This function uses a non-reentrant model


 *************** function i2_IRQ_TIMER2 *****************
 Defined at:
		line 883 in file "interrupt.c"
 Parameters:    Size  Location     Type
		None
 Auto vars:     Size  Location     Type
		None
 Return value:  Size  Location     Type
                  1    wreg      void 
 Registers used:
		None
 Tracked objects:
		On entry : 
		On exit  : 
		Unchanged: 
 Data sizes:     COMRAM   BANK0   BANK1   BANK2
      Params:         0       0       0       0
      Locals:         0       0       0       0
      Temps:          0       0       0       0
      Totals:         0       0       0       0
Total ram usage:        0 bytes
 Hardware stack levels used:    1
 This function calls:
		Nothing
 This function is called by:
		_HIGH_PRIORITY_IRQ
 This function uses a non-reentrant model


 *************** function i2_IRQ_I_MOTEUR_2 *****************
 Defined at:
		line 909 in file "interrupt.c"
 Parameters:    Size  Location     Type
		None
 Auto vars:     Size  Location     Type
		None
 Return value:  Size  Location     Type
                  1    wreg      void 
 Registers used:
		wreg, status,2, status,0
 Tracked objects:
		On entry : 
		On exit  : 
		Unchanged: 
 Data sizes:     COMRAM   BANK0   BANK1   BANK2
      Params:         0       0       0       0
      Locals:         0       0       0       0
      Temps:          0       0       0       0
      Totals:         0       0       0       0
Total ram usage:        0 bytes
 Hardware stack levels used:    1
 This function calls:
		Nothing
 This function is called by:
		_HIGH_PRIORITY_IRQ
 This function uses a non-reentrant model


 *************** function i2_IRQ_I_MOTEUR_1 *****************
 Defined at:
		line 895 in file "interrupt.c"
 Parameters:    Size  Location     Type
		None
 Auto vars:     Size  Location     Type
		None
 Return value:  Size  Location     Type
                  1    wreg      void 
 Registers used:
		wreg, fsr2l, fsr2h, status,2, status,0, cstack
 Tracked objects:
		On entry : 
		On exit  : 
		Unchanged: 
 Data sizes:     COMRAM   BANK0   BANK1   BANK2
      Params:         0       0       0       0
      Locals:         0       0       0       0
      Temps:          0       0       0       0
      Totals:         0       0       0       0
Total ram usage:        0 bytes
 Hardware stack levels used:    1
 Hardware stack levels required when called:    3
 This function calls:
		i2_Alarme_On
 This function is called by:
		_HIGH_PRIORITY_IRQ
 This function uses a non-reentrant model


 *************** function i2_IRQ_CAPOT *****************
 Defined at:
		line 890 in file "interrupt.c"
 Parameters:    Size  Location     Type
		None
 Auto vars:     Size  Location     Type
		None
 Return value:  Size  Location     Type
                  1    wreg      void 
 Registers used:
		wreg, fsr2l, fsr2h, status,2, status,0, cstack
 Tracked objects:
		On entry : 
		On exit  : 
		Unchanged: 
 Data sizes:     COMRAM   BANK0   BANK1   BANK2
      Params:         0       0       0       0
      Locals:         0       0       0       0
      Temps:          0       0       0       0
      Totals:         0       0       0       0
Total ram usage:        0 bytes
 Hardware stack levels used:    1
 Hardware stack levels required when called:    3
 This function calls:
		i2_Alarme_On
 This function is called by:
		_HIGH_PRIORITY_IRQ
 This function uses a non-reentrant model


 *************** function i2_Alarme_On *****************
 Defined at:
		line 18 in file "alarme.c"
 Parameters:    Size  Location     Type
  alarme_new_v    1    wreg     unsigned char 
 Auto vars:     Size  Location     Type
  alarme_new_v    1    1[COMRAM] unsigned char 
 Return value:  Size  Location     Type
                  1    wreg      void 
 Registers used:
		wreg, fsr2l, fsr2h, status,2, status,0, cstack
 Tracked objects:
		On entry : 
		On exit  : 
		Unchanged: 
 Data sizes:     COMRAM   BANK0   BANK1   BANK2
      Params:         0       0       0       0
      Locals:         1       0       0       0
      Temps:          0       0       0       0
      Totals:         1       0       0       0
Total ram usage:        1 bytes
 Hardware stack levels used:    1
 Hardware stack levels required when called:    2
 This function calls:
		i2_Coupe_Moteur
		i2_Etat_Update
 This function is called by:
		i2_IRQ_CAPOT
		i2_IRQ_I_MOTEUR_1
 This function uses a non-reentrant model


 *************** function i2_Etat_Update *****************
 Defined at:
		line 74 in file "action.c"
 Parameters:    Size  Location     Type
  etat_new_val    1    wreg     unsigned char 
 Auto vars:     Size  Location     Type
  etat_new_val    1    0[COMRAM] unsigned char 
 Return value:  Size  Location     Type
                  1    wreg      void 
 Registers used:
		wreg, fsr2l, fsr2h, status,2, status,0
 Tracked objects:
		On entry : 
		On exit  : 
		Unchanged: 
 Data sizes:     COMRAM   BANK0   BANK1   BANK2
      Params:         0       0       0       0
      Locals:         1       0       0       0
      Temps:          0       0       0       0
      Totals:         1       0       0       0
Total ram usage:        1 bytes
 Hardware stack levels used:    1
 This function calls:
		Nothing
 This function is called by:
		i2_Alarme_On
 This function uses a non-reentrant model


 *************** function i2_Coupe_Moteur *****************
 Defined at:
		line 309 in file "action.c"
 Parameters:    Size  Location     Type
		None
 Auto vars:     Size  Location     Type
		None
 Return value:  Size  Location     Type
                  1    wreg      void 
 Registers used:
		cstack
 Tracked objects:
		On entry : 
		On exit  : 
		Unchanged: 
 Data sizes:     COMRAM   BANK0   BANK1   BANK2
      Params:         0       0       0       0
      Locals:         0       0       0       0
      Temps:          0       0       0       0
      Totals:         0       0       0       0
Total ram usage:        0 bytes
 Hardware stack levels used:    1
 Hardware stack levels required when called:    1
 This function calls:
		i2_TIMER2_Off
 This function is called by:
		i2_Alarme_On
 This function uses a non-reentrant model


 *************** function i2_TIMER2_Off *****************
 Defined at:
		line 165 in file "timer.c"
 Parameters:    Size  Location     Type
		None
 Auto vars:     Size  Location     Type
		None
 Return value:  Size  Location     Type
                  1    wreg      void 
 Registers used:
		None
 Tracked objects:
		On entry : 
		On exit  : 
		Unchanged: 
 Data sizes:     COMRAM   BANK0   BANK1   BANK2
      Params:         0       0       0       0
      Locals:         0       0       0       0
      Temps:          0       0       0       0
      Totals:         0       0       0       0
Total ram usage:        0 bytes
 Hardware stack levels used:    1
 This function calls:
		Nothing
 This function is called by:
		i2_Coupe_Moteur
 This function uses a non-reentrant model



MODULE INFORMATION

Module		Function		Class		Link	Load	Size
/opt/microchip/xc8/v1.42/sources/common/ftmul.c
		___ftmul       		CODE           	13A8	0000	215

/opt/microchip/xc8/v1.42/sources/common/ftmul.c estimated size: 215

/opt/microchip/xc8/v1.42/sources/common/isdigit.c
		_isdigit       		CODE           	24F2	0000	29

/opt/microchip/xc8/v1.42/sources/common/isdigit.c estimated size: 29

/opt/microchip/xc8/v1.42/sources/common/lbtoft.c
		___lbtoft      		CODE           	23D8	0000	37

/opt/microchip/xc8/v1.42/sources/common/lbtoft.c estimated size: 37

/opt/microchip/xc8/v1.42/sources/common/ftdiv.c
		___ftdiv       		CODE           	16C8	0000	187

/opt/microchip/xc8/v1.42/sources/common/ftdiv.c estimated size: 187

action.c
		_Etat_Update   		CODE           	247C	0000	31
		_Stop_Moteur_1 		CODE           	2772	0000	5
		_Check_List_Moteur_Bequille		CODE           	2072	0000	71
		_Mouvement_Bequille		CODE           	199C	0000	171
		_Etat_Get      		CODE           	2240	0000	51
		_Etat_Intitule 		CODE           	220C	0000	53
		_Check_List_Moteur_1		CODE           	1A46	0000	155
		_Mouvement_X   		CODE           	1160	0000	315
		_Mouvement_Z   		CODE           	18F2	0000	171
		_Check_List_Moteur_2		CODE           	21A4	0000	53
		_Init_Moteur_Bequille		CODE           	268C	0000	17
		_Coupe_Moteur  		CODE           	25D8	0000	21
		_Init_Moteur_1 		CODE           	266C	0000	17
		_Init_Moteur_2 		CODE           	265C	0000	17

action.c estimated size: 1148

/opt/microchip/xc8/v1.42/sources/common/lwdiv.c
		___lwdiv       		CODE           	2028	0000	75

/opt/microchip/xc8/v1.42/sources/common/lwdiv.c estimated size: 75

eusart.c
		_EUSART1_Check_Buffer		CODE           	229E	0000	45
		_EUSART1_Erreur_Get		CODE           	273E	0000	9
		_EUSART1_Initialize		CODE           	1F3E	0000	81
		_EUSART1_Buffer_Send		CODE           	1782	0000	187
		_EUSART1_Receive_ISR		CODE           	147E	0000	211
		_EUSART1_RX_T3_LOCAL		CODE           	00D2	0000	2055
		_EUSART1_IT_ACTIVATE		CODE           	26F6	0000	13
		_EUSART1_Transmit_ISR		CODE           	231A	0000	41

eusart.c estimated size: 2642

timer.c
		_Init_TIMER0   		CODE           	241E	0000	33
		_Init_TIMER2   		CODE           	250E	0000	27
		_Init_TIMER5   		CODE           	22CA	0000	41
		_TIMER2_On     		CODE           	274E	0000	7
		_TIMER2_Off    		CODE           	275A	0000	7
		_TIMER5_On     		CODE           	277E	0000	5
		_TIMER5_Off    		CODE           	271A	0000	11
		_TIMER0_On     		CODE           	2542	0000	23
		_TIMER0_Off    		CODE           	270E	0000	13

timer.c estimated size: 167

MOTEUR.c
		_main          		CODE           	2138	0000	57
		_Cycle         		CODE           	0BBE	0000	599
		_Init_Variable 		CODE           	1550	0000	189

MOTEUR.c estimated size: 845

/opt/microchip/xc8/v1.42/sources/common/fttol.c
		___fttol       		CODE           	160C	0000	189

/opt/microchip/xc8/v1.42/sources/common/fttol.c estimated size: 189

horloge.c
		_delay_1s      		CODE           	22F2	0000	41
		_delay_100ms   		CODE           	183C	0000	183
		_delay_n_100ms 		CODE           	25B0	0000	21
		_delay_s       		CODE           	2368	0000	39

horloge.c estimated size: 284

pwm.c
		_u_Init_PWM    		CODE           	1DE0	0000	91
		_Init_PWM      		CODE           	24D6	0000	29

pwm.c estimated size: 120

pion.c
		_Detection_Pion_Off		CODE           	272E	0000	9
		_Detection_Pion_Init		CODE           	25C4	0000	21
		_Detection_Pion_On		CODE           	2342	0000	39

pion.c estimated size: 69

adc.c
		_Init_ADC      		CODE           	243E	0000	33
		_Init_ADC_Single_Shoot_I_Moteur_1		CODE           	1D7E	0000	99
		_Init_ADC_Single_Shoot_I_Moteur_2		CODE           	1D18	0000	103

adc.c estimated size: 235

/opt/microchip/xc8/v1.42/sources/common/doprnt.c
		_sprintf       		CODE           	08D8	0000	743

/opt/microchip/xc8/v1.42/sources/common/doprnt.c estimated size: 743

/opt/microchip/xc8/v1.42/sources/common/lbdiv.c
		___lbdiv       		CODE           	21D8	0000	53

/opt/microchip/xc8/v1.42/sources/common/lbdiv.c estimated size: 53

/opt/microchip/xc8/v1.42/sources/common/Umul16.c
		___wmul        		CODE           	238E	0000	39

/opt/microchip/xc8/v1.42/sources/common/Umul16.c estimated size: 39

spi.c
		_SPI_ISR       		CODE           	129A	0000	271
		_Init_SPI      		CODE           	23B4	0000	37
		_SPI_Check_Buffer		CODE           	2272	0000	45

spi.c estimated size: 353

interrupt.c
		_Buzzer_Etat   		CODE           	26DA	0000	15
		_IRQ_Execution 		CODE           	1EEA	0000	85
		_Surveillance_Consommation_Moteur_1_Activer		CODE           	2626	0000	19
		_Surveillance_Consommation_Moteur_2_Activer		CODE           	2614	0000	19
		_IRQ_CAPOT     		CODE           	2736	0000	9
		_IRQ_PION_Metal_Disparait		CODE           	2528	0000	27
		_LOW_PRIORITY_IRQ		CODE           	0018	0000	183
		_IRQ_PION_Metal_Apparait		CODE           	245E	0000	31
		_Init_Input_Capture_0		CODE           	23FC	0000	35
		_IRQ_I_MOTEUR_1		CODE           	256E	0000	23
		_IRQ_I_MOTEUR_2		CODE           	2558	0000	23
		_HIGH_PRIORITY_IRQ		CODE           	0008	0000	73
		_Capteur_Capot_On		CODE           	267C	0000	17
		_IRQ_TIMER2    		CODE           	2754	0000	7
		_IRQ_TIMER_0   		CODE           	1E3A	0000	89
		_IRQ_TIMER_5   		CODE           	1B6A	0000	113
		_Capteur_Capot_Off		CODE           	2776	0000	5
		_IRQ_PWM       		CODE           	277A	0000	5
		_IRQ_ADC       		CODE           	0E14	0000	423
		_Init_IT       		CODE           	2170	0000	53
		_Surveillance_Consommation_Moteur_1_Desactiver		CODE           	2702	0000	13
		_IRQ_PION_CHANGEMENT_ETAT		CODE           	1F8E	0000	81
		_Surveillance_Consommation_Moteur_2_Desactiver		CODE           	26CC	0000	15

interrupt.c estimated size: 1363

shared
		i1_TIMER5_On   		CODE           	2786	0000	5
		i1_Surveillance_Consommation_Moteur_2_Activer		CODE           	2638	0000	19
		i1_TIMER2_Off  		CODE           	2760	0000	7
		i1_TIMER5_Off  		CODE           	2724	0000	11
		i2_TIMER2_Off  		CODE           	276C	0000	7
		i1_Buzzer_Etat 		CODE           	26E8	0000	15
		i1_IRQ_ADC     		CODE           	0FBA	0000	423
		_dpowers       		MEDIUMCONST    	3EA5	0000	11
		i2_IRQ_TIMER2  		CODE           	2766	0000	7
		i1_IRQ_TIMER_0 		CODE           	1E92	0000	89
		i1_IRQ_TIMER_5 		CODE           	1BDA	0000	113
		i2_IRQ_I_MOTEUR_1		CODE           	259A	0000	23
		i2_IRQ_I_MOTEUR_2		CODE           	2584	0000	23
		__initialization		CODE           	1FDE	0000	61
		i1_IRQ_PWM     		CODE           	2782	0000	5
		i1_Coupe_Moteur		CODE           	25EC	0000	21
		i2_Coupe_Moteur		CODE           	2600	0000	21
		i2_IRQ_CAPOT   		CODE           	2746	0000	9
		_hexpowers     		MEDIUMCONST    	3EAF	0000	9
		i1_Alarme_On   		CODE           	26AC	0000	17
		i2_Alarme_On   		CODE           	26BC	0000	17
		i1_Etat_Update 		CODE           	249A	0000	31
		i2_Etat_Update 		CODE           	24B8	0000	31
		i1_Surveillance_Consommation_Moteur_1_Activer		CODE           	264A	0000	19

shared estimated size: 994

alarme.c
		_Alarme_On     		CODE           	269C	0000	17

alarme.c estimated size: 17

/opt/microchip/xc8/v1.42/sources/common/float.c
		___ftpack      		CODE           	1AE0	0000	139

/opt/microchip/xc8/v1.42/sources/common/float.c estimated size: 139

/opt/microchip/xc8/v1.42/sources/common/lwmod.c
		___lwmod       		CODE           	20FA	0000	63

/opt/microchip/xc8/v1.42/sources/common/lwmod.c estimated size: 63

/opt/microchip/xc8/v1.42/sources/common/awmod.c
		___awmod       		CODE           	1C4A	0000	105

/opt/microchip/xc8/v1.42/sources/common/awmod.c estimated size: 105

init.c
		_Init_Port     		CODE           	1CB2	0000	103

init.c estimated size: 103

