Microchip MPLAB XC8 Compiler V1.42 ()

Linker command line:

-W-3 --edf=/opt/microchip/xc8/v1.42/dat/en_msgs.txt -cs \
  -h+dist/default/production/MOTEUR_P5_Metalhome.production.sym \
  --cmf=dist/default/production/MOTEUR_P5_Metalhome.production.cmf -z \
  -Q18F4431 -o/tmp/xcXHAlYt4 \
  -Mdist/default/production/MOTEUR_P5_Metalhome.production.map -E1 -ver=XC8 \
  -ASTACK=028Ah-02ffh -pstack=STACK -ACODE=00h-03FFFh -ACONST=00h-03FFFh \
  -ASMALLCONST=0300h-03FFhx61 -AMEDIUMCONST=0300h-03FFFh -ACOMRAM=01h-05Fh \
  -AABS1=00h-02FFh -ABIGRAM=01h-02FFh -ARAM=060h-0FFh,0100h-01FFhx2 \
  -ABANK0=060h-0FFh -ABANK1=0100h-01FFh -ABANK2=0200h-02FFh \
  -ASFR=0F60h-0FFFh -preset_vec=00h,intcode=08h,intcodelo=018h,powerup,init \
  -pramtop=0300h -psmallconst=SMALLCONST -pmediumconst=MEDIUMCONST \
  -pconst=CONST -AFARRAM=00h-00h -ACONFIG=0300000h-030000Dh -pconfig=CONFIG \
  -AIDLOC=0200000h-0200007h -pidloc=IDLOC -AEEDATA=0F00000h-0F000FFh \
  -peeprom_data=EEDATA \
  -prdata=COMRAM,nvrram=COMRAM,nvbit=COMRAM,rbss=COMRAM,rbit=COMRAM \
  -pfarbss=FARRAM,fardata=FARRAM,nvFARRAM=FARRAM \
  -pintsave_regs=BIGRAM,bigbss=BIGRAM,bigdata=BIGRAM -pbss=RAM \
  -pidata=CODE,irdata=CODE,ibigdata=CODE,ifardata=CODE -prparam=COMRAM \
  /tmp/xcX0iMiuR.obj \
  dist/default/production/MOTEUR_P5_Metalhome.production.obj 

Object code version is 3.11

Machine type is 18F4431

Call graph: (short form)




                Name                               Link     Load   Length Selector   Space Scale
/tmp/xcX0iMiuR.obj
                init                                 D6       D6        4        C       0
                reset_vec                             0        0        4        0       0
                idloc                            200000   200000        8   200000       0
                config                           300000   300000        E   300000       0
dist/default/production/MOTEUR_P5_Metalhome.production.obj
                intcodelo                            18       18       BE        C       0
                intcode                               8        8        6        4       0
                temp                                 51       51        1        1       1
                mediumconst                        3EA4     3EA4      15C     1F52       0
                text101                            2150     2150       1E        C       0
                text100                            23AC     23AC        C        C       0
                text99                             240A     240A        6        C       0
                text98                             225E     225E       16        C       0
                text97                             232A     232A       10        C       0
                text96                             21D8     21D8       18        C       0
                text95                             2248     2248       16        C       0
                text94                             2404     2404        6        C       0
                intcode_body                       1CFE     1CFE       42        C       0
                text92                             23DE     23DE        8        C       0
                text91                             1366     1366       D2        C       0
                text90                             1FF4     1FF4       28        C       0
                text89                             1258     1258      10E        C       0
                text88                              F7C      F7C      1A6        C       0
                text87                             241C     241C        4        C       0
                text86                             231A     231A       10        C       0
                text85                             230A     230A       10        C       0
                text84                             1B0C     1B0C       5E        C       0
                text83                             23FE     23FE        6        C       0
                text82                             2232     2232       16        C       0
                text81                             2132     2132       1E        C       0
                text80                             22FA     22FA       10        C       0
                text79                             2356     2356        E        C       0
                text78                             23CC     23CC        A        C       0
                text77                             19E8     19E8       64        C       0
                text75                             14F4     14F4       BA        C       0
                text74                             1850     1850       68        C       0
                text73                             1E90     1E90       32        C       0
                text72                             1E5C     1E5C       34        C       0
                text71                              DD6      DD6      1A6        C       0
                text70                             2114     2114       1E        C       0
                text69                             23A0     23A0        C        C       0
                text68                             23F8     23F8        6        C       0
                text67                             221C     221C       16        C       0
                text66                             22EA     22EA       10        C       0
                text65                             21C0     21C0       18        C       0
                text64                             2206     2206       16        C       0
                text63                             2394     2394        C        C       0
                text62                             23F2     23F2        6        C       0
                text61                             2418     2418        4        C       0
                text60                             23EC     23EC        6        C       0
                text59                             22DA     22DA       10        C       0
                text58                             22CA     22CA       10        C       0
                text57                             1AAE     1AAE       5E        C       0
                text56                             2348     2348        E        C       0
                text55                             23C2     23C2        A        C       0
                text54                             1984     1984       64        C       0
                text53                             1BC6     1BC6       54        C       0
                text52                             15AE     15AE       B6        C       0
                text51                             1FCC     1FCC       28        C       0
                text50                             1CB4     1CB4       4A        C       0
                text49                             1D40     1D40       3E        C       0
                text48                             2068     2068       26        C       0
                text47                             218A     218A       1C        C       0
                text46                              8AC      8AC      2E6        C       0
                text45                               DA       DA      7D2        C       0
                text44                             1F78     1F78       2C        C       0
                text43                             1F4C     1F4C       2C        C       0
                text42                             1E28     1E28       34        C       0
                text41                             1DBA     1DBA       3A        C       0
                text40                             23D6     23D6        8        C       0
                text39                             191E     191E       66        C       0
                text38                             21F0     21F0       16        C       0
                text37                             22BA     22BA       10        C       0
                text36                             2388     2388        C        C       0
                text35                             23E6     23E6        6        C       0
                text34                             237C     237C        C        C       0
                text33                             1F20     1F20       2C        C       0
                text32                             1B6A     1B6A       5C        C       0
                text31                             170E     170E       AA        C       0
                text30                             2414     2414        4        C       0
                text29                             2288     2288       12        C       0
                text28                             1EF2     1EF2       2E        C       0
                text27                             233A     233A        E        C       0
                text26                             2042     2042       26        C       0
                text25                             1A4C     1A4C       62        C       0
                text24                             22AA     22AA       10        C       0
                text23                             2410     2410        4        C       0
                text22                             2370     2370        C        C       0
                text21                             1122     1122      136        C       0
                text20                             1EC2     1EC2       30        C       0
                text19                             17B8     17B8       98        C       0
                text18                             201C     201C       26        C       0
                text17                             229A     229A       10        C       0
                text16                             1664     1664       AA        C       0
                text15                             2274     2274       14        C       0
                text14                              B92      B92      244        C       0
                text13                             2364     2364        C        C       0
                text12                             1C1A     1C1A       50        C       0
                text11                             20F4     20F4       20        C       0
                text10                             20B2     20B2       22        C       0
                text9                              1DF4     1DF4       34        C       0
                text8                              23B8     23B8        A        C       0
                text7                              216E     216E       1C        C       0
                text6                              18B8     18B8       66        C       0
                text5                              208E     208E       24        C       0
                text4                              20D4     20D4       20        C       0
                text3                              21A6     21A6       1A        C       0
                text2                              1FA4     1FA4       28        C       0
                text1                              1438     1438       BC        C       0
                text0                              1D7E     1D7E       3C        C       0
                cstackCOMRAM                          1        1       42        1       1
                cstackBANK0                          EC       EC       14       60       1
                cstackBANK2                         280      280        A      200       1
                bssBANK2                            200      200       80      200       1
                bssBANK1                            100      100      100      100       1
                bssBANK0                             60       60       8C       60       1
                bssCOMRAM                            43       43        C        1       1
                bitbssCOMRAM                        278       4F        9        1       1     8
                cinit                              1C6A     1C6A       4A        C       0

TOTAL           Name                               Link     Load   Length     Space
        CLASS   STACK          

        CLASS   CODE           
                intcodelo                            18       18       BE         0
                intcode                               8        8        6         0
                init                                 D6       D6        4         0
                reset_vec                             0        0        4         0
                text101                            2150     2150       1E         0
                text100                            23AC     23AC        C         0
                text99                             240A     240A        6         0
                text98                             225E     225E       16         0
                text97                             232A     232A       10         0
                text96                             21D8     21D8       18         0
                text95                             2248     2248       16         0
                text94                             2404     2404        6         0
                intcode_body                       1CFE     1CFE       42         0
                text92                             23DE     23DE        8         0
                text91                             1366     1366       D2         0
                text90                             1FF4     1FF4       28         0
                text89                             1258     1258      10E         0
                text88                              F7C      F7C      1A6         0
                text87                             241C     241C        4         0
                text86                             231A     231A       10         0
                text85                             230A     230A       10         0
                text84                             1B0C     1B0C       5E         0
                text83                             23FE     23FE        6         0
                text82                             2232     2232       16         0
                text81                             2132     2132       1E         0
                text80                             22FA     22FA       10         0
                text79                             2356     2356        E         0
                text78                             23CC     23CC        A         0
                text77                             19E8     19E8       64         0
                text75                             14F4     14F4       BA         0
                text74                             1850     1850       68         0
                text73                             1E90     1E90       32         0
                text72                             1E5C     1E5C       34         0
                text71                              DD6      DD6      1A6         0
                text70                             2114     2114       1E         0
                text69                             23A0     23A0        C         0
                text68                             23F8     23F8        6         0
                text67                             221C     221C       16         0
                text66                             22EA     22EA       10         0
                text65                             21C0     21C0       18         0
                text64                             2206     2206       16         0
                text63                             2394     2394        C         0
                text62                             23F2     23F2        6         0
                text61                             2418     2418        4         0
                text60                             23EC     23EC        6         0
                text59                             22DA     22DA       10         0
                text58                             22CA     22CA       10         0
                text57                             1AAE     1AAE       5E         0
                text56                             2348     2348        E         0
                text55                             23C2     23C2        A         0
                text54                             1984     1984       64         0
                text53                             1BC6     1BC6       54         0
                text52                             15AE     15AE       B6         0
                text51                             1FCC     1FCC       28         0
                text50                             1CB4     1CB4       4A         0
                text49                             1D40     1D40       3E         0
                text48                             2068     2068       26         0
                text47                             218A     218A       1C         0
                text46                              8AC      8AC      2E6         0
                text45                               DA       DA      7D2         0
                text44                             1F78     1F78       2C         0
                text43                             1F4C     1F4C       2C         0
                text42                             1E28     1E28       34         0
                text41                             1DBA     1DBA       3A         0
                text40                             23D6     23D6        8         0
                text39                             191E     191E       66         0
                text38                             21F0     21F0       16         0
                text37                             22BA     22BA       10         0
                text36                             2388     2388        C         0
                text35                             23E6     23E6        6         0
                text34                             237C     237C        C         0
                text33                             1F20     1F20       2C         0
                text32                             1B6A     1B6A       5C         0
                text31                             170E     170E       AA         0
                text30                             2414     2414        4         0
                text29                             2288     2288       12         0
                text28                             1EF2     1EF2       2E         0
                text27                             233A     233A        E         0
                text26                             2042     2042       26         0
                text25                             1A4C     1A4C       62         0
                text24                             22AA     22AA       10         0
                text23                             2410     2410        4         0
                text22                             2370     2370        C         0
                text21                             1122     1122      136         0
                text20                             1EC2     1EC2       30         0
                text19                             17B8     17B8       98         0
                text18                             201C     201C       26         0
                text17                             229A     229A       10         0
                text16                             1664     1664       AA         0
                text15                             2274     2274       14         0
                text14                              B92      B92      244         0
                text13                             2364     2364        C         0
                text12                             1C1A     1C1A       50         0
                text11                             20F4     20F4       20         0
                text10                             20B2     20B2       22         0
                text9                              1DF4     1DF4       34         0
                text8                              23B8     23B8        A         0
                text7                              216E     216E       1C         0
                text6                              18B8     18B8       66         0
                text5                              208E     208E       24         0
                text4                              20D4     20D4       20         0
                text3                              21A6     21A6       1A         0
                text2                              1FA4     1FA4       28         0
                text1                              1438     1438       BC         0
                text0                              1D7E     1D7E       3C         0
                cinit                              1C6A     1C6A       4A         0

        CLASS   CONST          

        CLASS   SMALLCONST     

        CLASS   MEDIUMCONST    
                mediumconst                        3EA4     3EA4      15C         0

        CLASS   COMRAM         
                temp                                 51       51        1         1
                cstackCOMRAM                          1        1       42         1
                bssCOMRAM                            43       43        C         1
                bitbssCOMRAM                        278       4F        9         1

        CLASS   ABS1           

        CLASS   BIGRAM         

        CLASS   RAM            

        CLASS   BANK0          
                cstackBANK0                          EC       EC       14         1
                bssBANK0                             60       60       8C         1

        CLASS   BANK1          
                bssBANK1                            100      100      100         1

        CLASS   BANK2          
                cstackBANK2                         280      280        A         1
                bssBANK2                            200      200       80         1

        CLASS   SFR            

        CLASS   FARRAM         

        CLASS   CONFIG         
                config                           300000   300000        E         0

        CLASS   IDLOC          
                idloc                            200000   200000        8         0

        CLASS   EEDATA         



SEGMENTS        Name                           Load    Length   Top    Selector   Space  Class

                reset_vec                      000000  000004  000004         0       0  CODE    
                cstackCOMRAM                   000001  000051  000052         1       1  COMRAM  
                intcode                        000008  000006  00000E         4       0  CODE    
                intcodelo                      000018  002408  002420         C       0  CODE    
                bssBANK0                       000060  0000A0  000100        60       1  BANK0   
                bssBANK1                       000100  000100  000200       100       1  BANK1   
                bssBANK2                       000200  00008A  00028A       200       1  BANK2   
                mediumconst                    003EA4  00015C  004000      1F52       0  MEDIUMCO
                idloc                          200000  000008  200008    200000       0  IDLOC   
                config                         300000  00000E  30000E    300000       0  CONFIG  


UNUSED ADDRESS RANGES

        Name                Unused          Largest block    Delta
        BANK2            00028A-0002FF               76
        BIGRAM           000052-00005F                E
                         00028A-0002FF               76
        CODE             000004-000007                4
                         00000E-000017                A
                         002420-003EA3             1A84
        COMRAM           000052-00005F                E
        CONST            000004-000007                4
                         00000E-000017                A
                         002420-003EA3             1A84
        EEDATA           F00000-F000FF              100
        MEDIUMCONST      002420-003EA3             1A84
        RAM              00028A-0002FF               76
        SFR              000F60-000FFF               A0
        SMALLCONST       002420-003EA3              100
        STACK            00028A-0002FF               76

                                  Symbol Table

?___awmod                                               cstackCOMRAM 00000F
?___lwdiv                                               cstackCOMRAM 00000F
?___lwmod                                               cstackCOMRAM 000016
?___wmul                                                cstackCOMRAM 00000F
?_sprintf                                               cstackCOMRAM 00001B
Alarme_On@alarme_new_value                              cstackCOMRAM 000010
Buzzer_Etat@Activation                                  cstackCOMRAM 00000F
Cycle@i                                                 cstackBANK2  000289
EUSART1_Buffer_Send@i                                   cstackCOMRAM 000010
EUSART1_Buffer_Send@text                                cstackCOMRAM 00000F
EUSART1_RX_T3_LOCAL@A                                   cstackBANK0  0000FA
EUSART1_RX_T3_LOCAL@Ad                                  cstackCOMRAM 000040
EUSART1_RX_T3_LOCAL@B                                   cstackBANK0  0000FB
EUSART1_RX_T3_LOCAL@C                                   cstackBANK0  0000FC
EUSART1_RX_T3_LOCAL@D                                   cstackBANK0  0000FD
EUSART1_RX_T3_LOCAL@Da                                  cstackBANK0  0000F9
EUSART1_RX_T3_LOCAL@E                                   cstackBANK0  0000FE
EUSART1_RX_T3_LOCAL@F                                   cstackBANK0  0000FF
EUSART1_RX_T3_LOCAL@i                                   cstackCOMRAM 000041
EUSART1_Receive_ISR@i                                   cstackCOMRAM 000007
Etat_Get@Etat_Indice                                    cstackCOMRAM 000017
Etat_Intitule@Etat_Number                               cstackCOMRAM 00000F
Etat_Update@etat_new_value                              cstackCOMRAM 00000F
IRQ_Execution@IRQ_Indice                                cstackCOMRAM 000012
Init_Variable@i                                         cstackCOMRAM 00000F
Mouvement_Bequille@direction                            cstackBANK2  000288
Mouvement_Bequille@option                               cstackBANK2  000287
Mouvement_Bequille@type_consigne                        cstackBANK2  000286
Mouvement_X@direction                                   cstackBANK2  000286
Mouvement_X@option                                      cstackBANK2  000285
Mouvement_X@type_consigne                               cstackBANK2  000284
Mouvement_X_Metalhome@direction                         cstackBANK2  000284
Mouvement_Z@direction                                   cstackBANK2  000288
Mouvement_Z@option                                      cstackBANK2  000287
Mouvement_Z@type_consigne                               cstackBANK2  000286
SPI_ISR@i                                               cstackCOMRAM 000007
_ADCHS                                                  (abs)        000F99
_ADCON0                                                 (abs)        000FC2
_ADCON0bits                                             (abs)        000FC2
_ADCON1                                                 (abs)        000FC1
_ADCON1bits                                             (abs)        000FC1
_ADCON2                                                 (abs)        000FC0
_ADCON2bits                                             (abs)        000FC0
_ADCON3                                                 (abs)        000F9A
_ADCON3bits                                             (abs)        000F9A
_ADIF                                                   (abs)        007CF6
_ADON                                                   (abs)        007E10
_ADRESH                                                 (abs)        000FC4
_ANSEL0                                                 (abs)        000FB8
_ANSEL1                                                 (abs)        000FB9
_Alarme                                                 bssBANK0     0000A7
_Alarme_On                                              text66       0022EA
_BAUDCON                                                (abs)        000FAA
_BAUDCONbits                                            (abs)        000FAA
_Bequille_I_Max                                         bssCOMRAM    00004A
_Buzzer_Etat                                            text56       002348
_CAP1CONbits                                            (abs)        000F63
_CAP2CONbits                                            (abs)        000F62
_Capteur_Capot_Compteur_Temps_S                         bssBANK0     00009B
_Capteur_Capot_Nb_Evenement                             bssBANK0     00009D
_Capteur_Capot_Nb_Evenement_Autoriser                   bssBANK0     00009C
_Capteur_Capot_Off                                      text30       002414
_Capteur_Capot_On                                       text29       002288
_Check_List_Moteur_1                                    text28       001EF2
_Check_List_Moteur_2                                    text18       00201C
_Check_List_Moteur_Bequille                             text41       001DBA
_Check_List_Moteur_Metalhome                            text20       001EC2
_Compteur_IRQ_I_Moteur_1                                bssBANK0     000089
_Compteur_IRQ_I_Moteur_2                                bssCOMRAM    000047
_Consigne_Max                                           bssBANK0     000094
_Consigne_Max_Moteur_Bequille                           bssBANK0     000091
_Consigne_Max_Moteur_X                                  bssBANK0     000093
_Consigne_Max_Moteur_Z                                  bssBANK0     000092
_Consigne_en_A                                          bssCOMRAM    00004B
_Coupe_Moteur                                           text67       00221C
_Cycle                                                  text14       000B92
_DTCON                                                  (abs)        000F6D
_DVT_Tableau_Pause                                      bssBANK0     000074
_Detecteur_Pion                                         bitbssCOMRAM 000280
_Detection_Pion_Init                                    text27       00233A
_Detection_Pion_Off                                     text40       0023D6
_Detection_Pion_On                                      text26       002042
_EUSART1_Buffer_Send                                    text75       0014F4
_EUSART1_Check_Buffer                                   text44       001F78
_EUSART1_Erreur_Get                                     text92       0023DE
_EUSART1_IT_ACTIVATE                                    text13       002364
_EUSART1_Initialize                                     text12       001C1A
_EUSART1_RX_T3_LOCAL                                    text45       0000DA
_EUSART1_Receive_ISR                                    text91       001366
_EUSART1_Transmit_ISR                                   text90       001FF4
_Etat                                                   bssBANK0     0000A8
_Etat_Get                                               text73       001E90
_Etat_Intitule                                          text72       001E5C
_Etat_Log                                               bssBANK0     00006A
_Etat_Precedent_Index                                   bssCOMRAM    00004D
_Etat_Update                                            text70       002114
_GIE                                                    (abs)        007F97
_GODONE                                                 (abs)        007E11
_HIGH_PRIORITY_IRQ                                      intcode      000008
_INT0IF                                                 (abs)        007F91
_INTCON2bits                                            (abs)        000FF1
_INTCON3bits                                            (abs)        000FF0
_INTCONbits                                             (abs)        000FF2
_IOFS                                                   (abs)        007E9A
_IPR1bits                                               (abs)        000F9F
_IPR3bits                                               (abs)        000FA5
_IRQ_ADC                                                text71       000DD6
_IRQ_CAPOT                                              text69       0023A0
_IRQ_Execution                                          text53       001BC6
_IRQ_I_MOTEUR_1                                         text65       0021C0
_IRQ_I_MOTEUR_2                                         text64       002206
_IRQ_PION_Metal_Apparait                                text63       002394
_IRQ_PION_Metal_Disparait                               text62       0023F2
_IRQ_PWM                                                text61       002418
_IRQ_TIMER2                                             text60       0023EC
_IRQ_TIMER_0                                            text57       001AAE
_IRQ_TIMER_5                                            text54       001984
_Image_Courant_Moteur_1                                 bssBANK0     000098
_Image_Courant_Moteur_2                                 bssBANK0     000097
_Init_ADC                                               text11       0020F4
_Init_ADC_Single_Shoot_I_Moteur_1                       text25       001A4C
_Init_ADC_Single_Shoot_I_Moteur_2                       text39       00191E
_Init_IT                                                text9        001DF4
_Init_Input_Capture_0                                   text10       0020B2
_Init_Metalhome                                         text8        0023B8
_Init_Moteur_1                                          text24       0022AA
_Init_Moteur_2                                          text17       00229A
_Init_Moteur_Bequille                                   text37       0022BA
_Init_PWM                                               text7        00216E
_Init_Port                                              text6        0018B8
_Init_SPI                                               text5        00208E
_Init_TIMER0                                            text4        0020D4
_Init_TIMER2                                            text3        0021A6
_Init_TIMER5                                            text2        001FA4
_Init_Variable                                          text1        001438
_LATA                                                   (abs)        000F89
_LATAbits                                               (abs)        000F89
_LATB                                                   (abs)        000F8A
_LATC                                                   (abs)        000F8B
_LATC5                                                  (abs)        007C5D
_LATCbits                                               (abs)        000F8B
_LATD                                                   (abs)        000F8C
_LATD4                                                  (abs)        007C64
_LATD5                                                  (abs)        007C65
_LATD6                                                  (abs)        007C66
_LATD7                                                  (abs)        007C67
_LATE                                                   (abs)        000F8D
_LATEbits                                               (abs)        000F8D
_LOW_PRIORITY_IRQ                                       intcodelo    000018
_Mouvement_Bequille                                     text31       00170E
_Mouvement_Startup                                      bssCOMRAM    00004E
_Mouvement_X                                            text21       001122
_Mouvement_X_Metalhome                                  text19       0017B8
_Mouvement_Z                                            text16       001664
_Nouvelle_Valeur_ADC                                    bitbssCOMRAM 00027F
_OSCCON                                                 (abs)        000FD3
_OVDCOND                                                (abs)        000F6B
_OVDCONS                                                (abs)        000F6A
_Option_Multitas                                        bitbssCOMRAM 00027E
_Option_Pailleux                                        bitbssCOMRAM 00027D
_P4_busy                                                bssBANK0     0000AA
_PDC0H                                                  (abs)        000F78
_PDC0L                                                  (abs)        000F79
_PDC1H                                                  (abs)        000F76
_PDC1L                                                  (abs)        000F77
_PEIE                                                   (abs)        007F96
_PID_out                                                bssBANK0     000080
_PIE1bits                                               (abs)        000F9D
_PIE3bits                                               (abs)        000FA3
_PIR1bits                                               (abs)        000F9E
_PIR3bits                                               (abs)        000FA4
_PORTAbits                                              (abs)        000F80
_PORTCbits                                              (abs)        000F82
_PR2                                                    (abs)        000FCB
_PR5H                                                   (abs)        000F91
_PR5L                                                   (abs)        000F90
_PTCON0                                                 (abs)        000F7F
_PTCON0bits                                             (abs)        000F7F
_PTCON1                                                 (abs)        000F7E
_PTCON1bits                                             (abs)        000F7E
_PTIF                                                   (abs)        007D24
_PTPERH                                                 (abs)        000F7A
_PTPERL                                                 (abs)        000F7B
_PWMCON0                                                (abs)        000F6F
_PWMCON0bits                                            (abs)        000F6F
_PWMCON1                                                (abs)        000F6E
_Patinage_Nb_Essai                                      bssBANK0     00009A
_Patinage_Nb_Essai_Autoriser                            bssBANK0     000099
_Pelle_I_Max                                            bssBANK0     000090
_RCONbits                                               (abs)        000FD0
_RCREG                                                  (abs)        000FAE
_RCREG1                                                 (abs)        000FAE
_RCSTA1                                                 (abs)        000FAB
_RCSTA1bits                                             (abs)        000FAB
_RX1_ABR                                                bitbssCOMRAM 00027C
_RX1_full                                               bitbssCOMRAM 00027B
_SEVTCMPH                                               (abs)        000F70
_SEVTCMPL                                               (abs)        000F71
_SEVTDIR                                                (abs)        007B73
_SPBRG                                                  (abs)        000FAF
_SPBRGH                                                 (abs)        000FB0
_SPI_Check_Buffer                                       text43       001F4C
_SPI_ISR                                                text89       001258
_SPI_MODE                                               bitbssCOMRAM 000278
_SPI_RX_TEXT                                            bssBANK1     000100
_SPI_full                                               bitbssCOMRAM 00027A
_SSPBUF                                                 (abs)        000FC9
_SSPCONbits                                             (abs)        000FC6
_SSPSTATbits                                            (abs)        000FC7
_Stop_Moteur_1                                          text23       002410
_Surveillance_Consommation_Moteur_1                     bssCOMRAM    000049
_Surveillance_Consommation_Moteur_1_Activer             text59       0022DA
_Surveillance_Consommation_Moteur_1_Desactiver          text22       002370
_Surveillance_Consommation_Moteur_2                     bssCOMRAM    000048
_Surveillance_Consommation_Moteur_2_Activer             text58       0022CA
_Surveillance_Consommation_Moteur_2_Desactiver          text36       002388
_T0CONbits                                              (abs)        000FD5
_T2CON                                                  (abs)        000FCA
_T2CONbits                                              (abs)        000FCA
_T5CONbits                                              (abs)        000FB7
_TIMER0_Etat                                            bssBANK0     000088
_TIMER0_Off                                             text34       00237C
_TIMER0_On                                              text38       0021F0
_TIMER2_Off                                             text68       0023F8
_TIMER2_On                                              text35       0023E6
_TIMER5_Off                                             text55       0023C2
_TMR0H                                                  (abs)        000FD7
_TMR0L                                                  (abs)        000FD6
_TMR2                                                   (abs)        000FCC
_TMR2IF                                                 (abs)        007CF1
_TMR5H                                                  (abs)        000F88
_TMR5L                                                  (abs)        000F87
_TRISA                                                  (abs)        000F92
_TRISAbits                                              (abs)        000F92
_TRISB                                                  (abs)        000F93
_TRISBbits                                              (abs)        000F93
_TRISC                                                  (abs)        000F94
_TRISCbits                                              (abs)        000F94
_TRISD                                                  (abs)        000F95
_TRISDbits                                              (abs)        000F95
_TRISE                                                  (abs)        000F96
_TRISEbits                                              (abs)        000F96
_TRMT1                                                  (abs)        007D61
_TXREG1                                                 (abs)        000FAD
_TXSTA1                                                 (abs)        000FAC
_TXSTA1bits                                             (abs)        000FAC
_UART_RX_TEXT                                           bssBANK1     0001C0
_UART_TEST                                              bitbssCOMRAM 000279
_UART_TX_TEXT                                           bssBANK0     0000AB
_Version                                                bssBANK0     0000A9
__CFG_BOREN$OFF                                         (abs)        000000
__CFG_BORV$27                                           (abs)        000000
__CFG_CP0$OFF                                           (abs)        000000
__CFG_CP1$OFF                                           (abs)        000000
__CFG_CP2$OFF                                           (abs)        000000
__CFG_CP3$OFF                                           (abs)        000000
__CFG_CPB$OFF                                           (abs)        000000
__CFG_CPD$OFF                                           (abs)        000000
__CFG_EBTR0$OFF                                         (abs)        000000
__CFG_EBTR1$OFF                                         (abs)        000000
__CFG_EBTR2$OFF                                         (abs)        000000
__CFG_EBTR3$OFF                                         (abs)        000000
__CFG_EBTRB$OFF                                         (abs)        000000
__CFG_EXCLKMX$RC3                                       (abs)        000000
__CFG_FCMEN$ON                                          (abs)        000000
__CFG_FLTAMX$RC1                                        (abs)        000000
__CFG_HPOL$HIGH                                         (abs)        000000
__CFG_IESO$ON                                           (abs)        000000
__CFG_LPOL$HIGH                                         (abs)        000000
__CFG_LVP$OFF                                           (abs)        000000
__CFG_MCLRE$ON                                          (abs)        000000
__CFG_OSC$IRCIO                                         (abs)        000000
__CFG_PWM4MX$RB5                                        (abs)        000000
__CFG_PWMPIN$OFF                                        (abs)        000000
__CFG_PWRTEN$ON                                         (abs)        000000
__CFG_SSPMX$RD1                                         (abs)        000000
__CFG_STVREN$ON                                         (abs)        000000
__CFG_T1OSCMX$OFF                                       (abs)        000000
__CFG_WDPS$32768                                        (abs)        000000
__CFG_WDTEN$OFF                                         (abs)        000000
__CFG_WINEN$OFF                                         (abs)        000000
__CFG_WRT0$OFF                                          (abs)        000000
__CFG_WRT1$OFF                                          (abs)        000000
__CFG_WRT2$OFF                                          (abs)        000000
__CFG_WRT3$OFF                                          (abs)        000000
__CFG_WRTB$OFF                                          (abs)        000000
__CFG_WRTC$OFF                                          (abs)        000000
__CFG_WRTD$OFF                                          (abs)        000000
__HRAM                                                  (abs)        000000
__Habs1                                                 abs1         000000
__Hbank0                                                bank0        000000
__Hbank1                                                bank1        000000
__Hbank2                                                bank2        000000
__Hbigbss                                               bigbss       000000
__Hbigdata                                              bigdata      000000
__Hbigram                                               bigram       000000
__HbitbssCOMRAM                                         bitbssCOMRAM 000000
__Hbss                                                  bss          000000
__HbssBANK0                                             bssBANK0     000000
__HbssBANK1                                             bssBANK1     000000
__HbssBANK2                                             bssBANK2     000000
__HbssCOMRAM                                            bssCOMRAM    000000
__Hcinit                                                cinit        000000
__Hclrtext                                              clrtext      000000
__Hcomram                                               comram       000000
__Hconfig                                               config       30000E
__Hconst                                                const        000000
__HcstackBANK0                                          cstackBANK0  000000
__HcstackBANK2                                          cstackBANK2  000000
__HcstackCOMRAM                                         cstackCOMRAM 000000
__Hdata                                                 data         000000
__Heeprom_data                                          eeprom_data  000000
__Hfarbss                                               farbss       000000
__Hfardata                                              fardata      000000
__Hibigdata                                             ibigdata     000000
__Hidata                                                idata        000000
__Hidloc                                                idloc        200008
__Hifardata                                             ifardata     000000
__Hinit                                                 init         0000DA
__Hintcode                                              intcode      00000E
__Hintcode_body                                         intcode_body 000000
__Hintcodelo                                            intcodelo    0000D6
__Hintentry                                             intentry     000000
__Hintret                                               intret       000000
__Hintsave_regs                                         intsave_regs 000000
__Hirdata                                               irdata       000000
__Hmediumconst                                          mediumconst  004000
__HnvFARRAM                                             nvFARRAM     000000
__Hnvbit                                                nvbit        000000
__Hnvrram                                               nvrram       000000
__Hparam                                                rparam       000000
__Hpowerup                                              powerup      0000D6
__Hram                                                  ram          000000
__Hramtop                                               ramtop       000300
__Hrbit                                                 rbit         000000
__Hrbss                                                 rbss         000000
__Hrdata                                                rdata        000000
__Hreset_vec                                            reset_vec    000004
__Hrparam                                               rparam       000000
__Hsfr                                                  sfr          000000
__Hsmallconst                                           smallconst   000000
__Hspace_0                                              (abs)        30000E
__Hspace_1                                              (abs)        00028A
__Hspace_2                                              (abs)        000000
__Hstack                                                stack        000000
__Hstruct                                               struct       000000
__Htemp                                                 temp         000052
__Htext                                                 text         000000
__Htext0                                                text0        000000
__Htext1                                                text1        000000
__Htext10                                               text10       000000
__Htext100                                              text100      000000
__Htext101                                              text101      000000
__Htext11                                               text11       000000
__Htext12                                               text12       000000
__Htext13                                               text13       000000
__Htext14                                               text14       000000
__Htext15                                               text15       000000
__Htext16                                               text16       000000
__Htext17                                               text17       000000
__Htext18                                               text18       000000
__Htext19                                               text19       000000
__Htext2                                                text2        000000
__Htext20                                               text20       000000
__Htext21                                               text21       000000
__Htext22                                               text22       000000
__Htext23                                               text23       000000
__Htext24                                               text24       000000
__Htext25                                               text25       000000
__Htext26                                               text26       000000
__Htext27                                               text27       000000
__Htext28                                               text28       000000
__Htext29                                               text29       000000
__Htext3                                                text3        000000
__Htext30                                               text30       000000
__Htext31                                               text31       000000
__Htext32                                               text32       000000
__Htext33                                               text33       000000
__Htext34                                               text34       000000
__Htext35                                               text35       000000
__Htext36                                               text36       000000
__Htext37                                               text37       000000
__Htext38                                               text38       000000
__Htext39                                               text39       000000
__Htext4                                                text4        000000
__Htext40                                               text40       000000
__Htext41                                               text41       000000
__Htext42                                               text42       000000
__Htext43                                               text43       000000
__Htext44                                               text44       000000
__Htext45                                               text45       000000
__Htext46                                               text46       000000
__Htext47                                               text47       000000
__Htext48                                               text48       000000
__Htext49                                               text49       000000
__Htext5                                                text5        000000
__Htext50                                               text50       000000
__Htext51                                               text51       000000
__Htext52                                               text52       000000
__Htext53                                               text53       000000
__Htext54                                               text54       000000
__Htext55                                               text55       000000
__Htext56                                               text56       000000
__Htext57                                               text57       000000
__Htext58                                               text58       000000
__Htext59                                               text59       000000
__Htext6                                                text6        000000
__Htext60                                               text60       000000
__Htext61                                               text61       000000
__Htext62                                               text62       000000
__Htext63                                               text63       000000
__Htext64                                               text64       000000
__Htext65                                               text65       000000
__Htext66                                               text66       000000
__Htext67                                               text67       000000
__Htext68                                               text68       000000
__Htext69                                               text69       000000
__Htext7                                                text7        000000
__Htext70                                               text70       000000
__Htext71                                               text71       000000
__Htext72                                               text72       000000
__Htext73                                               text73       000000
__Htext74                                               text74       000000
__Htext75                                               text75       000000
__Htext77                                               text77       000000
__Htext78                                               text78       000000
__Htext79                                               text79       000000
__Htext8                                                text8        000000
__Htext80                                               text80       000000
__Htext81                                               text81       000000
__Htext82                                               text82       000000
__Htext83                                               text83       000000
__Htext84                                               text84       000000
__Htext85                                               text85       000000
__Htext86                                               text86       000000
__Htext87                                               text87       000000
__Htext88                                               text88       000000
__Htext89                                               text89       000000
__Htext9                                                text9        000000
__Htext90                                               text90       000000
__Htext91                                               text91       000000
__Htext92                                               text92       000000
__Htext94                                               text94       000000
__Htext95                                               text95       000000
__Htext96                                               text96       000000
__Htext97                                               text97       000000
__Htext98                                               text98       000000
__Htext99                                               text99       000000
__LRAM                                                  (abs)        000001
__Labs1                                                 abs1         000000
__Lbank0                                                bank0        000000
__Lbank1                                                bank1        000000
__Lbank2                                                bank2        000000
__Lbigbss                                               bigbss       000000
__Lbigdata                                              bigdata      000000
__Lbigram                                               bigram       000000
__LbitbssCOMRAM                                         bitbssCOMRAM 000000
__Lbss                                                  bss          000000
__LbssBANK0                                             bssBANK0     000000
__LbssBANK1                                             bssBANK1     000000
__LbssBANK2                                             bssBANK2     000000
__LbssCOMRAM                                            bssCOMRAM    000000
__Lcinit                                                cinit        000000
__Lclrtext                                              clrtext      000000
__Lcomram                                               comram       000000
__Lconfig                                               config       300000
__Lconst                                                const        000000
__LcstackBANK0                                          cstackBANK0  000000
__LcstackBANK2                                          cstackBANK2  000000
__LcstackCOMRAM                                         cstackCOMRAM 000000
__Ldata                                                 data         000000
__Leeprom_data                                          eeprom_data  000000
__Lfarbss                                               farbss       000000
__Lfardata                                              fardata      000000
__Libigdata                                             ibigdata     000000
__Lidata                                                idata        000000
__Lidloc                                                idloc        200000
__Lifardata                                             ifardata     000000
__Linit                                                 init         0000D6
__Lintcode                                              intcode      000008
__Lintcode_body                                         intcode_body 000000
__Lintcodelo                                            intcodelo    000018
__Lintentry                                             intentry     000000
__Lintret                                               intret       000000
__Lintsave_regs                                         intsave_regs 000000
__Lirdata                                               irdata       000000
__Lmediumconst                                          mediumconst  003EA4
__LnvFARRAM                                             nvFARRAM     000000
__Lnvbit                                                nvbit        000000
__Lnvrram                                               nvrram       000000
__Lparam                                                rparam       000000
__Lpowerup                                              powerup      0000D6
__Lram                                                  ram          000000
__Lramtop                                               ramtop       000300
__Lrbit                                                 rbit         000000
__Lrbss                                                 rbss         000000
__Lrdata                                                rdata        000000
__Lreset_vec                                            reset_vec    000000
__Lrparam                                               rparam       000000
__Lsfr                                                  sfr          000000
__Lsmallconst                                           smallconst   000000
__Lspace_0                                              (abs)        000000
__Lspace_1                                              (abs)        000000
__Lspace_2                                              (abs)        000000
__Lstack                                                stack        000000
__Lstruct                                               struct       000000
__Ltemp                                                 temp         000051
__Ltext                                                 text         000000
__Ltext0                                                text0        000000
__Ltext1                                                text1        000000
__Ltext10                                               text10       000000
__Ltext100                                              text100      000000
__Ltext101                                              text101      000000
__Ltext11                                               text11       000000
__Ltext12                                               text12       000000
__Ltext13                                               text13       000000
__Ltext14                                               text14       000000
__Ltext15                                               text15       000000
__Ltext16                                               text16       000000
__Ltext17                                               text17       000000
__Ltext18                                               text18       000000
__Ltext19                                               text19       000000
__Ltext2                                                text2        000000
__Ltext20                                               text20       000000
__Ltext21                                               text21       000000
__Ltext22                                               text22       000000
__Ltext23                                               text23       000000
__Ltext24                                               text24       000000
__Ltext25                                               text25       000000
__Ltext26                                               text26       000000
__Ltext27                                               text27       000000
__Ltext28                                               text28       000000
__Ltext29                                               text29       000000
__Ltext3                                                text3        000000
__Ltext30                                               text30       000000
__Ltext31                                               text31       000000
__Ltext32                                               text32       000000
__Ltext33                                               text33       000000
__Ltext34                                               text34       000000
__Ltext35                                               text35       000000
__Ltext36                                               text36       000000
__Ltext37                                               text37       000000
__Ltext38                                               text38       000000
__Ltext39                                               text39       000000
__Ltext4                                                text4        000000
__Ltext40                                               text40       000000
__Ltext41                                               text41       000000
__Ltext42                                               text42       000000
__Ltext43                                               text43       000000
__Ltext44                                               text44       000000
__Ltext45                                               text45       000000
__Ltext46                                               text46       000000
__Ltext47                                               text47       000000
__Ltext48                                               text48       000000
__Ltext49                                               text49       000000
__Ltext5                                                text5        000000
__Ltext50                                               text50       000000
__Ltext51                                               text51       000000
__Ltext52                                               text52       000000
__Ltext53                                               text53       000000
__Ltext54                                               text54       000000
__Ltext55                                               text55       000000
__Ltext56                                               text56       000000
__Ltext57                                               text57       000000
__Ltext58                                               text58       000000
__Ltext59                                               text59       000000
__Ltext6                                                text6        000000
__Ltext60                                               text60       000000
__Ltext61                                               text61       000000
__Ltext62                                               text62       000000
__Ltext63                                               text63       000000
__Ltext64                                               text64       000000
__Ltext65                                               text65       000000
__Ltext66                                               text66       000000
__Ltext67                                               text67       000000
__Ltext68                                               text68       000000
__Ltext69                                               text69       000000
__Ltext7                                                text7        000000
__Ltext70                                               text70       000000
__Ltext71                                               text71       000000
__Ltext72                                               text72       000000
__Ltext73                                               text73       000000
__Ltext74                                               text74       000000
__Ltext75                                               text75       000000
__Ltext77                                               text77       000000
__Ltext78                                               text78       000000
__Ltext79                                               text79       000000
__Ltext8                                                text8        000000
__Ltext80                                               text80       000000
__Ltext81                                               text81       000000
__Ltext82                                               text82       000000
__Ltext83                                               text83       000000
__Ltext84                                               text84       000000
__Ltext85                                               text85       000000
__Ltext86                                               text86       000000
__Ltext87                                               text87       000000
__Ltext88                                               text88       000000
__Ltext89                                               text89       000000
__Ltext9                                                text9        000000
__Ltext90                                               text90       000000
__Ltext91                                               text91       000000
__Ltext92                                               text92       000000
__Ltext94                                               text94       000000
__Ltext95                                               text95       000000
__Ltext96                                               text96       000000
__Ltext97                                               text97       000000
__Ltext98                                               text98       000000
__Ltext99                                               text99       000000
__S0                                                    (abs)        30000E
__S1                                                    (abs)        00028A
__S2                                                    (abs)        000000
___awmod                                                text74       001850
___awmod@counter                                        cstackCOMRAM 000013
___awmod@dividend                                       cstackCOMRAM 00000F
___awmod@divisor                                        cstackCOMRAM 000011
___awmod@sign                                           cstackCOMRAM 000014
___inthi_sp                                             stack        000000
___intlo_sp                                             stack        000000
___lbdiv                                                text42       001E28
___lbdiv@counter                                        cstackCOMRAM 000011
___lbdiv@dividend                                       cstackCOMRAM 000010
___lbdiv@divisor                                        cstackCOMRAM 00000F
___lbdiv@quotient                                       cstackCOMRAM 000012
___lwdiv                                                text50       001CB4
___lwdiv@counter                                        cstackCOMRAM 000013
___lwdiv@dividend                                       cstackCOMRAM 00000F
___lwdiv@divisor                                        cstackCOMRAM 000011
___lwdiv@quotient                                       cstackCOMRAM 000014
___lwmod                                                text49       001D40
___lwmod@counter                                        cstackCOMRAM 00001A
___lwmod@dividend                                       cstackCOMRAM 000016
___lwmod@divisor                                        cstackCOMRAM 000018
___param_bank                                           (abs)        000000
___rparam_used                                          (abs)        000001
___sp                                                   stack        000000
___wmul                                                 text48       002068
___wmul@multiplicand                                    cstackCOMRAM 000011
___wmul@multiplier                                      cstackCOMRAM 00000F
___wmul@product                                         cstackCOMRAM 000013
__accesstop                                             (abs)        000060
__activetblptr                                          (abs)        000002
__end_of_Alarme_On                                      text66       0022FA
__end_of_Buzzer_Etat                                    text56       002356
__end_of_Capteur_Capot_Off                              text30       002418
__end_of_Capteur_Capot_On                               text29       00229A
__end_of_Check_List_Moteur_1                            text28       001F20
__end_of_Check_List_Moteur_2                            text18       002042
__end_of_Check_List_Moteur_Bequille                     text41       001DF4
__end_of_Check_List_Moteur_Metalhome                    text20       001EF2
__end_of_Coupe_Moteur                                   text67       002232
__end_of_Cycle                                          text14       000DD6
__end_of_Detection_Pion_Init                            text27       002348
__end_of_Detection_Pion_Off                             text40       0023DE
__end_of_Detection_Pion_On                              text26       002068
__end_of_EUSART1_Buffer_Send                            text75       0015AE
__end_of_EUSART1_Check_Buffer                           text44       001FA4
__end_of_EUSART1_Erreur_Get                             text92       0023E6
__end_of_EUSART1_IT_ACTIVATE                            text13       002370
__end_of_EUSART1_Initialize                             text12       001C6A
__end_of_EUSART1_RX_T3_LOCAL                            text45       0008AC
__end_of_EUSART1_Receive_ISR                            text91       001438
__end_of_EUSART1_Transmit_ISR                           text90       00201C
__end_of_Etat_Get                                       text73       001EC2
__end_of_Etat_Intitule                                  text72       001E90
__end_of_Etat_Update                                    text70       002132
__end_of_HIGH_PRIORITY_IRQ                              intcode_body 001D40
__end_of_IRQ_ADC                                        text71       000F7C
__end_of_IRQ_CAPOT                                      text69       0023AC
__end_of_IRQ_Execution                                  text53       001C1A
__end_of_IRQ_I_MOTEUR_1                                 text65       0021D8
__end_of_IRQ_I_MOTEUR_2                                 text64       00221C
__end_of_IRQ_PION_Metal_Apparait                        text63       0023A0
__end_of_IRQ_PION_Metal_Disparait                       text62       0023F8
__end_of_IRQ_PWM                                        text61       00241C
__end_of_IRQ_TIMER2                                     text60       0023F2
__end_of_IRQ_TIMER_0                                    text57       001B0C
__end_of_IRQ_TIMER_5                                    text54       0019E8
__end_of_Init_ADC                                       text11       002114
__end_of_Init_ADC_Single_Shoot_I_Moteur_1               text25       001AAE
__end_of_Init_ADC_Single_Shoot_I_Moteur_2               text39       001984
__end_of_Init_IT                                        text9        001E28
__end_of_Init_Input_Capture_0                           text10       0020D4
__end_of_Init_Metalhome                                 text8        0023C2
__end_of_Init_Moteur_1                                  text24       0022BA
__end_of_Init_Moteur_2                                  text17       0022AA
__end_of_Init_Moteur_Bequille                           text37       0022CA
__end_of_Init_PWM                                       text7        00218A
__end_of_Init_Port                                      text6        00191E
__end_of_Init_SPI                                       text5        0020B2
__end_of_Init_TIMER0                                    text4        0020F4
__end_of_Init_TIMER2                                    text3        0021C0
__end_of_Init_TIMER5                                    text2        001FCC
__end_of_Init_Variable                                  text1        0014F4
__end_of_LOW_PRIORITY_IRQ                               intcodelo    0000D6
__end_of_Mouvement_Bequille                             text31       0017B8
__end_of_Mouvement_X                                    text21       001258
__end_of_Mouvement_X_Metalhome                          text19       001850
__end_of_Mouvement_Z                                    text16       00170E
__end_of_SPI_Check_Buffer                               text43       001F78
__end_of_SPI_ISR                                        text89       001366
__end_of_Stop_Moteur_1                                  text23       002414
__end_of_Surveillance_Consommation_Moteur_1_Activer     text59       0022EA
__end_of_Surveillance_Consommation_Moteur_1_Desactiver  text22       00237C
__end_of_Surveillance_Consommation_Moteur_2_Activer     text58       0022DA
__end_of_Surveillance_Consommation_Moteur_2_Desactiver  text36       002394
__end_of_TIMER0_Off                                     text34       002388
__end_of_TIMER0_On                                      text38       002206
__end_of_TIMER2_Off                                     text68       0023FE
__end_of_TIMER2_On                                      text35       0023EC
__end_of_TIMER5_Off                                     text55       0023CC
__end_of___awmod                                        text74       0018B8
__end_of___lbdiv                                        text42       001E5C
__end_of___lwdiv                                        text50       001CFE
__end_of___lwmod                                        text49       001D7E
__end_of___wmul                                         text48       00208E
__end_of__initialization                                cinit        001CA6
__end_of_delay_100ms                                    text52       001664
__end_of_delay_1s                                       text51       001FF4
__end_of_delay_n_100ms                                  text15       002288
__end_of_delay_s                                        text33       001F4C
__end_of_dpowers                                        mediumconst  003EAF
__end_of_hexpowers                                      mediumconst  003EB7
__end_of_isdigit                                        text47       0021A6
[...]


 *************** function i1_IRQ_PWM *****************
 Defined at:
		line 483 in file "interrupt.c"
 Parameters:    Size  Location     Type
		None
 Auto vars:     Size  Location     Type
		None
 Return value:  Size  Location     Type
                  1    wreg      void 
 Registers used:
		None
 Tracked objects:
		On entry : 
		On exit  : 
		Unchanged: 
 Data sizes:     COMRAM   BANK0   BANK1   BANK2
      Params:         0       0       0       0
      Locals:         0       0       0       0
      Temps:          0       0       0       0
      Totals:         0       0       0       0
Total ram usage:        0 bytes
 Hardware stack levels used:    1
 Hardware stack levels required when called:    5
 This function calls:
		Nothing
 This function is called by:
		_LOW_PRIORITY_IRQ
 This function uses a non-reentrant model


 *************** function i1_IRQ_ADC *****************
 Defined at:
		line 488 in file "interrupt.c"
 Parameters:    Size  Location     Type
		None
 Auto vars:     Size  Location     Type
		None
 Return value:  Size  Location     Type
                  1    wreg      void 
 Registers used:
		wreg, status,2, status,0
 Tracked objects:
		On entry : 
		On exit  : 
		Unchanged: 
 Data sizes:     COMRAM   BANK0   BANK1   BANK2
      Params:         0       0       0       0
      Locals:         0       0       0       0
      Temps:          3       0       0       0
      Totals:         3       0       0       0
Total ram usage:        3 bytes
 Hardware stack levels used:    1
 Hardware stack levels required when called:    5
 This function calls:
		Nothing
 This function is called by:
		_LOW_PRIORITY_IRQ
 This function uses a non-reentrant model


 *************** function _SPI_ISR *****************
 Defined at:
		line 169 in file "spi.c"
 Parameters:    Size  Location     Type
		None
 Auto vars:     Size  Location     Type
  i               1    6[COMRAM] unsigned char 
 Return value:  Size  Location     Type
                  1    wreg      void 
 Registers used:
		wreg, fsr1l, fsr1h, fsr2l, fsr2h, status,2, status,0
 Tracked objects:
		On entry : 
		On exit  : 
		Unchanged: 
 Data sizes:     COMRAM   BANK0   BANK1   BANK2
      Params:         0       0       0       0
      Locals:         1       0       0       0
      Temps:          2       0       0       0
      Totals:         3       0       0       0
Total ram usage:        3 bytes
 Hardware stack levels used:    1
 Hardware stack levels required when called:    5
 This function calls:
		Nothing
 This function is called by:
		_LOW_PRIORITY_IRQ
 This function uses a non-reentrant model


 *************** function _EUSART1_Transmit_ISR *****************
 Defined at:
		line 552 in file "eusart.c"
 Parameters:    Size  Location     Type
		None
 Auto vars:     Size  Location     Type
		None
 Return value:  Size  Location     Type
                  1    wreg      void 
 Registers used:
		wreg, fsr2l, fsr2h, status,2, status,0
 Tracked objects:
		On entry : 
		On exit  : 
		Unchanged: 
 Data sizes:     COMRAM   BANK0   BANK1   BANK2
      Params:         0       0       0       0
      Locals:         0       0       0       0
      Temps:          0       0       0       0
      Totals:         0       0       0       0
Total ram usage:        0 bytes
 Hardware stack levels used:    1
 Hardware stack levels required when called:    5
 This function calls:
		Nothing
 This function is called by:
		_LOW_PRIORITY_IRQ
 This function uses a non-reentrant model


 *************** function _EUSART1_Receive_ISR *****************
 Defined at:
		line 597 in file "eusart.c"
 Parameters:    Size  Location     Type
		None
 Auto vars:     Size  Location     Type
  i               1    6[COMRAM] unsigned char 
 Return value:  Size  Location     Type
                  1    wreg      void 
 Registers used:
		wreg, fsr1l, fsr1h, fsr2l, fsr2h, status,2, status,0, cstack
 Tracked objects:
		On entry : 
		On exit  : 
		Unchanged: 
 Data sizes:     COMRAM   BANK0   BANK1   BANK2
      Params:         0       0       0       0
      Locals:         1       0       0       0
      Temps:          2       0       0       0
      Totals:         3       0       0       0
Total ram usage:        3 bytes
 Hardware stack levels used:    1
 Hardware stack levels required when called:    6
 This function calls:
		_EUSART1_Erreur_Get
 This function is called by:
		_LOW_PRIORITY_IRQ
 This function uses a non-reentrant model


 *************** function _EUSART1_Erreur_Get *****************
 Defined at:
		line 585 in file "eusart.c"
 Parameters:    Size  Location     Type
		None
 Auto vars:     Size  Location     Type
		None
 Return value:  Size  Location     Type
                  1    wreg      void 
 Registers used:
		None
 Tracked objects:
		On entry : 
		On exit  : 
		Unchanged: 
 Data sizes:     COMRAM   BANK0   BANK1   BANK2
      Params:         0       0       0       0
      Locals:         0       0       0       0
      Temps:          0       0       0       0
      Totals:         0       0       0       0
Total ram usage:        0 bytes
 Hardware stack levels used:    1
 Hardware stack levels required when called:    5
 This function calls:
		Nothing
 This function is called by:
		_EUSART1_Receive_ISR
 This function uses a non-reentrant model


 *************** function _HIGH_PRIORITY_IRQ *****************
 Defined at:
		line 970 in file "interrupt.c"
 Parameters:    Size  Location     Type
		None
 Auto vars:     Size  Location     Type
		None
 Return value:  Size  Location     Type
                  1    wreg      void 
 Registers used:
		wreg, fsr2l, fsr2h, status,2, status,0, cstack
 Tracked objects:
		On entry : 
		On exit  : 
		Unchanged: 
 Data sizes:     COMRAM   BANK0   BANK1   BANK2
      Params:         0       0       0       0
      Locals:         0       0       0       0
      Temps:          2       0       0       0
      Totals:         2       0       0       0
Total ram usage:        2 bytes
 Hardware stack levels used:    1
 Hardware stack levels required when called:    4
 This function calls:
		i2_IRQ_CAPOT
		i2_IRQ_I_MOTEUR_1
		i2_IRQ_I_MOTEUR_2
		i2_IRQ_TIMER2
 This function is called by:
		Interrupt level 2
 This function uses a non-reentrant model


 *************** function i2_IRQ_TIMER2 *****************
 Defined at:
		line 895 in file "interrupt.c"
 Parameters:    Size  Location     Type
		None
 Auto vars:     Size  Location     Type
		None
 Return value:  Size  Location     Type
                  1    wreg      void 
 Registers used:
		None
 Tracked objects:
		On entry : 
		On exit  : 
		Unchanged: 
 Data sizes:     COMRAM   BANK0   BANK1   BANK2
      Params:         0       0       0       0
      Locals:         0       0       0       0
      Temps:          0       0       0       0
      Totals:         0       0       0       0
Total ram usage:        0 bytes
 Hardware stack levels used:    1
 This function calls:
		Nothing
 This function is called by:
		_HIGH_PRIORITY_IRQ
 This function uses a non-reentrant model


 *************** function i2_IRQ_I_MOTEUR_2 *****************
 Defined at:
		line 924 in file "interrupt.c"
 Parameters:    Size  Location     Type
		None
 Auto vars:     Size  Location     Type
		None
 Return value:  Size  Location     Type
                  1    wreg      void 
 Registers used:
		wreg, status,2, status,0
 Tracked objects:
		On entry : 
		On exit  : 
		Unchanged: 
 Data sizes:     COMRAM   BANK0   BANK1   BANK2
      Params:         0       0       0       0
      Locals:         0       0       0       0
      Temps:          0       0       0       0
      Totals:         0       0       0       0
Total ram usage:        0 bytes
 Hardware stack levels used:    1
 This function calls:
		Nothing
 This function is called by:
		_HIGH_PRIORITY_IRQ
 This function uses a non-reentrant model


 *************** function i2_IRQ_I_MOTEUR_1 *****************
 Defined at:
		line 910 in file "interrupt.c"
 Parameters:    Size  Location     Type
		None
 Auto vars:     Size  Location     Type
		None
 Return value:  Size  Location     Type
                  1    wreg      void 
 Registers used:
		wreg, fsr2l, fsr2h, status,2, status,0, cstack
 Tracked objects:
		On entry : 
		On exit  : 
		Unchanged: 
 Data sizes:     COMRAM   BANK0   BANK1   BANK2
      Params:         0       0       0       0
      Locals:         0       0       0       0
      Temps:          0       0       0       0
      Totals:         0       0       0       0
Total ram usage:        0 bytes
 Hardware stack levels used:    1
 Hardware stack levels required when called:    3
 This function calls:
		i2_Alarme_On
 This function is called by:
		_HIGH_PRIORITY_IRQ
 This function uses a non-reentrant model


 *************** function i2_Alarme_On *****************
 Defined at:
		line 18 in file "alarme.c"
 Parameters:    Size  Location     Type
  alarme_new_v    1    wreg     unsigned char 
 Auto vars:     Size  Location     Type
  alarme_new_v    1    1[COMRAM] unsigned char 
 Return value:  Size  Location     Type
                  1    wreg      void 
 Registers used:
		wreg, fsr2l, fsr2h, status,2, status,0, cstack
 Tracked objects:
		On entry : 
		On exit  : 
		Unchanged: 
 Data sizes:     COMRAM   BANK0   BANK1   BANK2
      Params:         0       0       0       0
      Locals:         1       0       0       0
      Temps:          0       0       0       0
      Totals:         1       0       0       0
Total ram usage:        1 bytes
 Hardware stack levels used:    1
 Hardware stack levels required when called:    2
 This function calls:
		i2_Coupe_Moteur
		i2_Etat_Update
 This function is called by:
		i2_IRQ_I_MOTEUR_1
 This function uses a non-reentrant model


 *************** function i2_Coupe_Moteur *****************
 Defined at:
		line 277 in file "action.c"
 Parameters:    Size  Location     Type
		None
 Auto vars:     Size  Location     Type
		None
 Return value:  Size  Location     Type
                  1    wreg      void 
 Registers used:
		cstack
 Tracked objects:
		On entry : 
		On exit  : 
		Unchanged: 
 Data sizes:     COMRAM   BANK0   BANK1   BANK2
      Params:         0       0       0       0
      Locals:         0       0       0       0
      Temps:          0       0       0       0
      Totals:         0       0       0       0
Total ram usage:        0 bytes
 Hardware stack levels used:    1
 Hardware stack levels required when called:    1
 This function calls:
		i2_TIMER2_Off
 This function is called by:
		i2_Alarme_On
 This function uses a non-reentrant model


 *************** function i2_TIMER2_Off *****************
 Defined at:
		line 165 in file "timer.c"
 Parameters:    Size  Location     Type
		None
 Auto vars:     Size  Location     Type
		None
 Return value:  Size  Location     Type
                  1    wreg      void 
 Registers used:
		None
 Tracked objects:
		On entry : 
		On exit  : 
		Unchanged: 
 Data sizes:     COMRAM   BANK0   BANK1   BANK2
      Params:         0       0       0       0
      Locals:         0       0       0       0
      Temps:          0       0       0       0
      Totals:         0       0       0       0
Total ram usage:        0 bytes
 Hardware stack levels used:    1
 This function calls:
		Nothing
 This function is called by:
		i2_Coupe_Moteur
 This function uses a non-reentrant model


 *************** function i2_IRQ_CAPOT *****************
 Defined at:
		line 902 in file "interrupt.c"
 Parameters:    Size  Location     Type
		None
 Auto vars:     Size  Location     Type
		None
 Return value:  Size  Location     Type
                  1    wreg      void 
 Registers used:
		wreg, fsr2l, fsr2h, status,2, status,0, cstack
 Tracked objects:
		On entry : 
		On exit  : 
		Unchanged: 
 Data sizes:     COMRAM   BANK0   BANK1   BANK2
      Params:         0       0       0       0
      Locals:         0       0       0       0
      Temps:          0       0       0       0
      Totals:         0       0       0       0
Total ram usage:        0 bytes
 Hardware stack levels used:    1
 Hardware stack levels required when called:    1
 This function calls:
		i2_Etat_Update
 This function is called by:
		_HIGH_PRIORITY_IRQ
 This function uses a non-reentrant model


 *************** function i2_Etat_Update *****************
 Defined at:
		line 67 in file "action.c"
 Parameters:    Size  Location     Type
  etat_new_val    1    wreg     unsigned char 
 Auto vars:     Size  Location     Type
  etat_new_val    1    0[COMRAM] unsigned char 
 Return value:  Size  Location     Type
                  1    wreg      void 
 Registers used:
		wreg, fsr2l, fsr2h, status,2, status,0
 Tracked objects:
		On entry : 
		On exit  : 
		Unchanged: 
 Data sizes:     COMRAM   BANK0   BANK1   BANK2
      Params:         0       0       0       0
      Locals:         1       0       0       0
      Temps:          0       0       0       0
      Totals:         1       0       0       0
Total ram usage:        1 bytes
 Hardware stack levels used:    1
 This function calls:
		Nothing
 This function is called by:
		i2_IRQ_CAPOT
		i2_Alarme_On
 This function uses a non-reentrant model



MODULE INFORMATION

Module		Function		Class		Link	Load	Size
/opt/microchip/xc8/v1.42/sources/common/isdigit.c
		_isdigit       		CODE           	218A	0000	29

/opt/microchip/xc8/v1.42/sources/common/isdigit.c estimated size: 29

action.c
		_Etat_Update   		CODE           	2114	0000	31
		_Stop_Moteur_1 		CODE           	2410	0000	5
		_Check_List_Moteur_Bequille		CODE           	1DBA	0000	59
		_Mouvement_Bequille		CODE           	170E	0000	171
		_Check_List_Moteur_Metalhome		CODE           	1EC2	0000	49
		_Etat_Get      		CODE           	1E90	0000	51
		_Etat_Intitule 		CODE           	1E5C	0000	53
		_Mouvement_X_Metalhome		CODE           	17B8	0000	153
		_Check_List_Moteur_1		CODE           	1EF2	0000	47
		_Mouvement_X   		CODE           	1122	0000	311
		_Mouvement_Z   		CODE           	1664	0000	171
		_Check_List_Moteur_2		CODE           	201C	0000	39
		_Init_Moteur_Bequille		CODE           	22BA	0000	17
		_Coupe_Moteur  		CODE           	221C	0000	23
		_Init_Moteur_1 		CODE           	22AA	0000	17
		_Init_Moteur_2 		CODE           	229A	0000	17

action.c estimated size: 1214

/opt/microchip/xc8/v1.42/sources/common/lwdiv.c
		___lwdiv       		CODE           	1CB4	0000	75

/opt/microchip/xc8/v1.42/sources/common/lwdiv.c estimated size: 75

eusart.c
		_EUSART1_Check_Buffer		CODE           	1F78	0000	45
		_EUSART1_Erreur_Get		CODE           	23DE	0000	9
		_EUSART1_Initialize		CODE           	1C1A	0000	81
		_EUSART1_Buffer_Send		CODE           	14F4	0000	187
		_EUSART1_Receive_ISR		CODE           	1366	0000	211
		_EUSART1_RX_T3_LOCAL		CODE           	00DA	0000	2003
		_EUSART1_IT_ACTIVATE		CODE           	2364	0000	13
		_EUSART1_Transmit_ISR		CODE           	1FF4	0000	41

eusart.c estimated size: 2590

timer.c
		_Init_TIMER0   		CODE           	20D4	0000	33
		_Init_TIMER2   		CODE           	21A6	0000	27
		_Init_TIMER5   		CODE           	1FA4	0000	41
		_TIMER2_On     		CODE           	23E6	0000	7
		_TIMER2_Off    		CODE           	23F8	0000	7
		_TIMER5_Off    		CODE           	23C2	0000	11
		_TIMER0_On     		CODE           	21F0	0000	23
		_TIMER0_Off    		CODE           	237C	0000	13

timer.c estimated size: 162

MOTEUR.c
		_main          		CODE           	1D7E	0000	61
		_Init_Metalhome		CODE           	23B8	0000	11
		_Cycle         		CODE           	0B92	0000	581
		_Init_Variable 		CODE           	1438	0000	189

MOTEUR.c estimated size: 842

horloge.c
		_delay_1s      		CODE           	1FCC	0000	41
		_delay_100ms   		CODE           	15AE	0000	183
		_delay_n_100ms 		CODE           	2274	0000	21
		_delay_s       		CODE           	1F20	0000	45

horloge.c estimated size: 290

pwm.c
		_u_Init_PWM    		CODE           	1B6A	0000	93
		_Init_PWM      		CODE           	216E	0000	29

pwm.c estimated size: 122

pion.c
		_Detection_Pion_Off		CODE           	23D6	0000	9
		_Detection_Pion_Init		CODE           	233A	0000	15
		_Detection_Pion_On		CODE           	2042	0000	39

pion.c estimated size: 63

adc.c
		_Init_ADC      		CODE           	20F4	0000	33
		_Init_ADC_Single_Shoot_I_Moteur_1		CODE           	1A4C	0000	99
		_Init_ADC_Single_Shoot_I_Moteur_2		CODE           	191E	0000	103

adc.c estimated size: 235

/opt/microchip/xc8/v1.42/sources/common/doprnt.c
		_sprintf       		CODE           	08AC	0000	743

/opt/microchip/xc8/v1.42/sources/common/doprnt.c estimated size: 743

/opt/microchip/xc8/v1.42/sources/common/lbdiv.c
		___lbdiv       		CODE           	1E28	0000	53

/opt/microchip/xc8/v1.42/sources/common/lbdiv.c estimated size: 53

/opt/microchip/xc8/v1.42/sources/common/Umul16.c
		___wmul        		CODE           	2068	0000	39

/opt/microchip/xc8/v1.42/sources/common/Umul16.c estimated size: 39

spi.c
		_SPI_ISR       		CODE           	1258	0000	271
		_Init_SPI      		CODE           	208E	0000	37
		_SPI_Check_Buffer		CODE           	1F4C	0000	45

spi.c estimated size: 353

interrupt.c
		_Buzzer_Etat   		CODE           	2348	0000	15
		_IRQ_Execution 		CODE           	1BC6	0000	85
		_Surveillance_Consommation_Moteur_1_Activer		CODE           	22DA	0000	17
		_Surveillance_Consommation_Moteur_2_Activer		CODE           	22CA	0000	17
		_IRQ_CAPOT     		CODE           	23A0	0000	13
		_IRQ_PION_Metal_Disparait		CODE           	23F2	0000	7
		_LOW_PRIORITY_IRQ		CODE           	0018	0000	191
		_IRQ_PION_Metal_Apparait		CODE           	2394	0000	13
		_Init_Input_Capture_0		CODE           	20B2	0000	35
		_IRQ_I_MOTEUR_1		CODE           	21C0	0000	25
		_IRQ_I_MOTEUR_2		CODE           	2206	0000	23
		_HIGH_PRIORITY_IRQ		CODE           	0008	0000	73
		_Capteur_Capot_On		CODE           	2288	0000	19
		_IRQ_TIMER2    		CODE           	23EC	0000	7
		_IRQ_TIMER_0   		CODE           	1AAE	0000	95
		_IRQ_TIMER_5   		CODE           	1984	0000	101
		_Capteur_Capot_Off		CODE           	2414	0000	5
		_IRQ_PWM       		CODE           	2418	0000	5
		_IRQ_ADC       		CODE           	0DD6	0000	423
		_Init_IT       		CODE           	1DF4	0000	53
		_Surveillance_Consommation_Moteur_1_Desactiver		CODE           	2370	0000	13
		_Surveillance_Consommation_Moteur_2_Desactiver		CODE           	2388	0000	13

interrupt.c estimated size: 1248

shared
		i1_Surveillance_Consommation_Moteur_2_Activer		CODE           	230A	0000	17
		i1_TIMER2_Off  		CODE           	23FE	0000	7
		i1_TIMER5_Off  		CODE           	23CC	0000	11
		i2_TIMER2_Off  		CODE           	240A	0000	7
		i1_Buzzer_Etat 		CODE           	2356	0000	15
		i1_IRQ_ADC     		CODE           	0F7C	0000	423
		_dpowers       		MEDIUMCONST    	3EA5	0000	11
		i2_IRQ_TIMER2  		CODE           	2404	0000	7
		i1_IRQ_TIMER_0 		CODE           	1B0C	0000	95
		i1_IRQ_TIMER_5 		CODE           	19E8	0000	101
		i2_IRQ_I_MOTEUR_1		CODE           	21D8	0000	25
		i2_IRQ_I_MOTEUR_2		CODE           	2248	0000	23
		__initialization		CODE           	1C6A	0000	61
		i1_IRQ_PWM     		CODE           	241C	0000	5
		i1_Coupe_Moteur		CODE           	2232	0000	23
		i2_Coupe_Moteur		CODE           	225E	0000	23
		i2_IRQ_CAPOT   		CODE           	23AC	0000	13
		_hexpowers     		MEDIUMCONST    	3EAF	0000	9
		i1_Alarme_On   		CODE           	22FA	0000	17
		i2_Alarme_On   		CODE           	232A	0000	17
		i1_Etat_Update 		CODE           	2132	0000	31
		i2_Etat_Update 		CODE           	2150	0000	31
		i1_Surveillance_Consommation_Moteur_1_Activer		CODE           	231A	0000	17

shared estimated size: 989

alarme.c
		_Alarme_On     		CODE           	22EA	0000	17

alarme.c estimated size: 17

/opt/microchip/xc8/v1.42/sources/common/lwmod.c
		___lwmod       		CODE           	1D40	0000	63

/opt/microchip/xc8/v1.42/sources/common/lwmod.c estimated size: 63

/opt/microchip/xc8/v1.42/sources/common/awmod.c
		___awmod       		CODE           	1850	0000	105

/opt/microchip/xc8/v1.42/sources/common/awmod.c estimated size: 105

init.c
		_Init_Port     		CODE           	18B8	0000	103

init.c estimated size: 103

